<?xml version="1.0" encoding="ISO-8859-1" ?>
<link_info>
   <banner>TI ARM Linker Unix v18.1.4.LTS</banner>
   <copyright>Copyright (c) 1996-2018 Texas Instruments Incorporated</copyright>
   <link_time>0x5e032f65</link_time>
   <link_errors>0x0</link_errors>
   <output_file>morse_christmas.out</output_file>
   <entry_point>
      <name>_c_int00_noargs</name>
      <address>0xc5d</address>
   </entry_point>
   <input_file_list>
      <input_file id="fl-1">
         <path>./</path>
         <kind>object</kind>
         <file>main.obj</file>
         <name>main.obj</name>
      </input_file>
      <input_file id="fl-2">
         <path>./</path>
         <kind>object</kind>
         <file>startup_msp432p401r_ccs.obj</file>
         <name>startup_msp432p401r_ccs.obj</name>
      </input_file>
      <input_file id="fl-3">
         <path>./</path>
         <kind>object</kind>
         <file>system_msp432p401r.obj</file>
         <name>system_msp432p401r.obj</name>
      </input_file>
      <input_file id="fl-7">
         <kind>object</kind>
         <file>&lt;internal&gt;</file>
         <name>&lt;internal&gt;</name>
      </input_file>
      <input_file id="fl-bd">
         <path>/home/sreethyan/ti/ccsv8/tools/compiler/ti-cgt-arm_18.1.4.LTS/lib/</path>
         <kind>archive</kind>
         <file>rtsv7M4_T_le_v4SPD16_eabi.lib</file>
         <name>copy_zero_init.c.obj</name>
      </input_file>
      <input_file id="fl-be">
         <path>/home/sreethyan/ti/ccsv8/tools/compiler/ti-cgt-arm_18.1.4.LTS/lib/</path>
         <kind>archive</kind>
         <file>rtsv7M4_T_le_v4SPD16_eabi.lib</file>
         <name>copy_decompress_none.c.obj</name>
      </input_file>
      <input_file id="fl-bf">
         <path>/home/sreethyan/ti/ccsv8/tools/compiler/ti-cgt-arm_18.1.4.LTS/lib/</path>
         <kind>archive</kind>
         <file>rtsv7M4_T_le_v4SPD16_eabi.lib</file>
         <name>copy_decompress_lzss.c.obj</name>
      </input_file>
      <input_file id="fl-c0">
         <path>/home/sreethyan/ti/ccsv8/tools/compiler/ti-cgt-arm_18.1.4.LTS/lib/</path>
         <kind>archive</kind>
         <file>rtsv7M4_T_le_v4SPD16_eabi.lib</file>
         <name>boot_cortex_m.c.obj</name>
      </input_file>
      <input_file id="fl-c1">
         <path>/home/sreethyan/ti/ccsv8/tools/compiler/ti-cgt-arm_18.1.4.LTS/lib/</path>
         <kind>archive</kind>
         <file>rtsv7M4_T_le_v4SPD16_eabi.lib</file>
         <name>exit.c.obj</name>
      </input_file>
      <input_file id="fl-c2">
         <path>/home/sreethyan/ti/ccsv8/tools/compiler/ti-cgt-arm_18.1.4.LTS/lib/</path>
         <kind>archive</kind>
         <file>rtsv7M4_T_le_v4SPD16_eabi.lib</file>
         <name>memory.c.obj</name>
      </input_file>
      <input_file id="fl-c3">
         <path>/home/sreethyan/ti/ccsv8/tools/compiler/ti-cgt-arm_18.1.4.LTS/lib/</path>
         <kind>archive</kind>
         <file>rtsv7M4_T_le_v4SPD16_eabi.lib</file>
         <name>_lock.c.obj</name>
      </input_file>
      <input_file id="fl-c4">
         <path>/home/sreethyan/ti/ccsv8/tools/compiler/ti-cgt-arm_18.1.4.LTS/lib/</path>
         <kind>archive</kind>
         <file>rtsv7M4_T_le_v4SPD16_eabi.lib</file>
         <name>args_main.c.obj</name>
      </input_file>
      <input_file id="fl-c5">
         <path>/home/sreethyan/ti/ccsv8/tools/compiler/ti-cgt-arm_18.1.4.LTS/lib/</path>
         <kind>archive</kind>
         <file>rtsv7M4_T_le_v4SPD16_eabi.lib</file>
         <name>strlen.c.obj</name>
      </input_file>
      <input_file id="fl-c6">
         <path>/home/sreethyan/ti/ccsv8/tools/compiler/ti-cgt-arm_18.1.4.LTS/lib/</path>
         <kind>archive</kind>
         <file>rtsv7M4_T_le_v4SPD16_eabi.lib</file>
         <name>memcpy_t2.asm.obj</name>
      </input_file>
      <input_file id="fl-c7">
         <path>/home/sreethyan/ti/ccsv8/tools/compiler/ti-cgt-arm_18.1.4.LTS/lib/</path>
         <kind>archive</kind>
         <file>rtsv7M4_T_le_v4SPD16_eabi.lib</file>
         <name>memset_t2.asm.obj</name>
      </input_file>
      <input_file id="fl-c8">
         <path>/home/sreethyan/ti/ccsv8/tools/compiler/ti-cgt-arm_18.1.4.LTS/lib/</path>
         <kind>archive</kind>
         <file>rtsv7M4_T_le_v4SPD16_eabi.lib</file>
         <name>autoinit.c.obj</name>
      </input_file>
      <input_file id="fl-c9">
         <path>/home/sreethyan/ti/ccsv8/tools/compiler/ti-cgt-arm_18.1.4.LTS/lib/</path>
         <kind>archive</kind>
         <file>rtsv7M4_T_le_v4SPD16_eabi.lib</file>
         <name>pre_init.c.obj</name>
      </input_file>
      <input_file id="fl-ca">
         <path>/home/sreethyan/ti/ccsv8/tools/compiler/ti-cgt-arm_18.1.4.LTS/lib/</path>
         <kind>archive</kind>
         <file>rtsv7M4_T_le_v4SPD16_eabi.lib</file>
         <name>cpy_tbl.c.obj</name>
      </input_file>
   </input_file_list>
   <object_component_list>
      <object_component id="oc-23">
         <name>.intvecs:retain</name>
         <load_address>0x0</load_address>
         <run_address>0x0</run_address>
         <size>0xe4</size>
         <input_file_ref idref="fl-2"/>
      </object_component>
      <object_component id="oc-6d">
         <name>.text</name>
         <load_address>0xe4</load_address>
         <run_address>0xe4</run_address>
         <size>0x45c</size>
         <input_file_ref idref="fl-1"/>
      </object_component>
      <object_component id="oc-a9">
         <name>.text</name>
         <load_address>0x540</load_address>
         <run_address>0x540</run_address>
         <size>0x334</size>
         <input_file_ref idref="fl-3"/>
      </object_component>
      <object_component id="oc-bc">
         <name>.text:realloc</name>
         <load_address>0x874</load_address>
         <run_address>0x874</run_address>
         <size>0x114</size>
         <input_file_ref idref="fl-c2"/>
      </object_component>
      <object_component id="oc-19c">
         <name>.text:free</name>
         <load_address>0x988</load_address>
         <run_address>0x988</run_address>
         <size>0xd8</size>
         <input_file_ref idref="fl-c2"/>
      </object_component>
      <object_component id="oc-37">
         <name>.text</name>
         <load_address>0xa60</load_address>
         <run_address>0xa60</run_address>
         <size>0x9c</size>
         <input_file_ref idref="fl-c6"/>
      </object_component>
      <object_component id="oc-b6">
         <name>.text:malloc</name>
         <load_address>0xafc</load_address>
         <run_address>0xafc</run_address>
         <size>0x78</size>
         <input_file_ref idref="fl-c2"/>
      </object_component>
      <object_component id="oc-14">
         <name>.text:decompress:lzss:__TI_decompress_lzss</name>
         <load_address>0xb74</load_address>
         <run_address>0xb74</run_address>
         <size>0x68</size>
         <input_file_ref idref="fl-bf"/>
      </object_component>
      <object_component id="oc-146">
         <name>.text:__TI_auto_init_nobinit_nopinit:__TI_auto_init_nobinit_nopinit</name>
         <load_address>0xbdc</load_address>
         <run_address>0xbdc</run_address>
         <size>0x44</size>
         <input_file_ref idref="fl-c8"/>
      </object_component>
      <object_component id="oc-18f">
         <name>.text:minsert</name>
         <load_address>0xc20</load_address>
         <run_address>0xc20</run_address>
         <size>0x3c</size>
         <input_file_ref idref="fl-c2"/>
      </object_component>
      <object_component id="oc-55">
         <name>.text:_c_int00_noargs:_c_int00_noargs</name>
         <load_address>0xc5c</load_address>
         <run_address>0xc5c</run_address>
         <size>0x38</size>
         <input_file_ref idref="fl-c0"/>
      </object_component>
      <object_component id="oc-183">
         <name>.text:minit</name>
         <load_address>0xc94</load_address>
         <run_address>0xc94</run_address>
         <size>0x38</size>
         <input_file_ref idref="fl-c2"/>
      </object_component>
      <object_component id="oc-189">
         <name>.text:mremove</name>
         <load_address>0xccc</load_address>
         <run_address>0xccc</run_address>
         <size>0x28</size>
         <input_file_ref idref="fl-c2"/>
      </object_component>
      <object_component id="oc-b0">
         <name>.text:strlen</name>
         <load_address>0xcf4</load_address>
         <run_address>0xcf4</run_address>
         <size>0x14</size>
         <input_file_ref idref="fl-c5"/>
      </object_component>
      <object_component id="oc-43">
         <name>.text:decompress:ZI:__TI_zero_init_nomemset:__TI_zero_init_nomemset</name>
         <load_address>0xd08</load_address>
         <run_address>0xd08</run_address>
         <size>0x12</size>
         <input_file_ref idref="fl-bd"/>
      </object_component>
      <object_component id="oc-1a">
         <name>.text:decompress:none:__TI_decompress_none</name>
         <load_address>0xd1a</load_address>
         <run_address>0xd1a</run_address>
         <size>0xe</size>
         <input_file_ref idref="fl-be"/>
      </object_component>
      <object_component id="oc-67">
         <name>.text</name>
         <load_address>0xd28</load_address>
         <run_address>0xd28</run_address>
         <size>0xe</size>
         <input_file_ref idref="fl-2"/>
      </object_component>
      <object_component id="oc-97">
         <name>.text:_system_pre_init</name>
         <load_address>0xd36</load_address>
         <run_address>0xd36</run_address>
         <size>0x4</size>
         <input_file_ref idref="fl-c9"/>
      </object_component>
      <object_component id="oc-13a">
         <name>.text:abort:abort</name>
         <load_address>0xd3a</load_address>
         <run_address>0xd3a</run_address>
         <size>0x4</size>
         <input_file_ref idref="fl-c1"/>
      </object_component>
      <object_component id="oc-20e">
         <name>.text:_nop</name>
         <load_address>0xd3e</load_address>
         <run_address>0xd3e</run_address>
         <size>0x2</size>
         <input_file_ref idref="fl-c3"/>
      </object_component>
      <object_component id="oc-270">
         <name>.cinit..data.load</name>
         <load_address>0xd40</load_address>
         <run_address>0xd40</run_address>
         <size>0x7a</size>
      </object_component>
      <object_component id="oc-26e">
         <name>__TI_handler_table</name>
         <load_address>0xdbc</load_address>
         <run_address>0xdbc</run_address>
         <size>0xc</size>
      </object_component>
      <object_component id="oc-271">
         <name>.cinit..bss.load</name>
         <load_address>0xdc8</load_address>
         <run_address>0xdc8</run_address>
         <size>0x8</size>
      </object_component>
      <object_component id="oc-26f">
         <name>__TI_cinit_table</name>
         <load_address>0xdd0</load_address>
         <run_address>0xdd0</run_address>
         <size>0x10</size>
      </object_component>
      <object_component id="oc-243">
         <name>.binit</name>
         <load_address>0x0</load_address>
         <run_address>0x0</run_address>
         <size>0x0</size>
      </object_component>
      <object_component id="oc-113">
         <name>.data</name>
         <load_address>0x20000640</load_address>
         <run_address>0x20000640</run_address>
         <size>0x14</size>
         <input_file_ref idref="fl-1"/>
      </object_component>
      <object_component id="oc-c5">
         <name>.data:A</name>
         <load_address>0x20000654</load_address>
         <run_address>0x20000654</run_address>
         <size>0x10</size>
         <input_file_ref idref="fl-1"/>
      </object_component>
      <object_component id="oc-c8">
         <name>.data:B</name>
         <load_address>0x20000400</load_address>
         <run_address>0x20000400</run_address>
         <size>0x20</size>
         <input_file_ref idref="fl-1"/>
      </object_component>
      <object_component id="oc-cb">
         <name>.data:C</name>
         <load_address>0x20000420</load_address>
         <run_address>0x20000420</run_address>
         <size>0x20</size>
         <input_file_ref idref="fl-1"/>
      </object_component>
      <object_component id="oc-ce">
         <name>.data:D</name>
         <load_address>0x20000580</load_address>
         <run_address>0x20000580</run_address>
         <size>0x18</size>
         <input_file_ref idref="fl-1"/>
      </object_component>
      <object_component id="oc-d1">
         <name>.data:E</name>
         <load_address>0x200006a8</load_address>
         <run_address>0x200006a8</run_address>
         <size>0x8</size>
         <input_file_ref idref="fl-1"/>
      </object_component>
      <object_component id="oc-d4">
         <name>.data:F</name>
         <load_address>0x20000440</load_address>
         <run_address>0x20000440</run_address>
         <size>0x20</size>
         <input_file_ref idref="fl-1"/>
      </object_component>
      <object_component id="oc-d7">
         <name>.data:G</name>
         <load_address>0x20000598</load_address>
         <run_address>0x20000598</run_address>
         <size>0x18</size>
         <input_file_ref idref="fl-1"/>
      </object_component>
      <object_component id="oc-da">
         <name>.data:H</name>
         <load_address>0x20000460</load_address>
         <run_address>0x20000460</run_address>
         <size>0x20</size>
         <input_file_ref idref="fl-1"/>
      </object_component>
      <object_component id="oc-dd">
         <name>.data:I</name>
         <load_address>0x20000664</load_address>
         <run_address>0x20000664</run_address>
         <size>0x10</size>
         <input_file_ref idref="fl-1"/>
      </object_component>
      <object_component id="oc-e0">
         <name>.data:J</name>
         <load_address>0x20000480</load_address>
         <run_address>0x20000480</run_address>
         <size>0x20</size>
         <input_file_ref idref="fl-1"/>
      </object_component>
      <object_component id="oc-e3">
         <name>.data:K</name>
         <load_address>0x200005b0</load_address>
         <run_address>0x200005b0</run_address>
         <size>0x18</size>
         <input_file_ref idref="fl-1"/>
      </object_component>
      <object_component id="oc-e6">
         <name>.data:L</name>
         <load_address>0x200004a0</load_address>
         <run_address>0x200004a0</run_address>
         <size>0x20</size>
         <input_file_ref idref="fl-1"/>
      </object_component>
      <object_component id="oc-e9">
         <name>.data:M</name>
         <load_address>0x20000674</load_address>
         <run_address>0x20000674</run_address>
         <size>0x10</size>
         <input_file_ref idref="fl-1"/>
      </object_component>
      <object_component id="oc-ec">
         <name>.data:N</name>
         <load_address>0x20000684</load_address>
         <run_address>0x20000684</run_address>
         <size>0x10</size>
         <input_file_ref idref="fl-1"/>
      </object_component>
      <object_component id="oc-ef">
         <name>.data:O</name>
         <load_address>0x200005c8</load_address>
         <run_address>0x200005c8</run_address>
         <size>0x18</size>
         <input_file_ref idref="fl-1"/>
      </object_component>
      <object_component id="oc-f2">
         <name>.data:P</name>
         <load_address>0x200004c0</load_address>
         <run_address>0x200004c0</run_address>
         <size>0x20</size>
         <input_file_ref idref="fl-1"/>
      </object_component>
      <object_component id="oc-f5">
         <name>.data:Q</name>
         <load_address>0x200004e0</load_address>
         <run_address>0x200004e0</run_address>
         <size>0x20</size>
         <input_file_ref idref="fl-1"/>
      </object_component>
      <object_component id="oc-f8">
         <name>.data:R</name>
         <load_address>0x200005e0</load_address>
         <run_address>0x200005e0</run_address>
         <size>0x18</size>
         <input_file_ref idref="fl-1"/>
      </object_component>
      <object_component id="oc-fb">
         <name>.data:S</name>
         <load_address>0x200005f8</load_address>
         <run_address>0x200005f8</run_address>
         <size>0x18</size>
         <input_file_ref idref="fl-1"/>
      </object_component>
      <object_component id="oc-fe">
         <name>.data:T</name>
         <load_address>0x200006b0</load_address>
         <run_address>0x200006b0</run_address>
         <size>0x8</size>
         <input_file_ref idref="fl-1"/>
      </object_component>
      <object_component id="oc-101">
         <name>.data:U</name>
         <load_address>0x20000610</load_address>
         <run_address>0x20000610</run_address>
         <size>0x18</size>
         <input_file_ref idref="fl-1"/>
      </object_component>
      <object_component id="oc-104">
         <name>.data:V</name>
         <load_address>0x20000500</load_address>
         <run_address>0x20000500</run_address>
         <size>0x20</size>
         <input_file_ref idref="fl-1"/>
      </object_component>
      <object_component id="oc-107">
         <name>.data:W</name>
         <load_address>0x20000628</load_address>
         <run_address>0x20000628</run_address>
         <size>0x18</size>
         <input_file_ref idref="fl-1"/>
      </object_component>
      <object_component id="oc-10a">
         <name>.data:X</name>
         <load_address>0x20000520</load_address>
         <run_address>0x20000520</run_address>
         <size>0x20</size>
         <input_file_ref idref="fl-1"/>
      </object_component>
      <object_component id="oc-10d">
         <name>.data:Y</name>
         <load_address>0x20000540</load_address>
         <run_address>0x20000540</run_address>
         <size>0x20</size>
         <input_file_ref idref="fl-1"/>
      </object_component>
      <object_component id="oc-110">
         <name>.data:Z</name>
         <load_address>0x20000560</load_address>
         <run_address>0x20000560</run_address>
         <size>0x20</size>
         <input_file_ref idref="fl-1"/>
      </object_component>
      <object_component id="oc-178">
         <name>.data</name>
         <load_address>0x200006b8</load_address>
         <run_address>0x200006b8</run_address>
         <size>0x4</size>
         <input_file_ref idref="fl-3"/>
      </object_component>
      <object_component id="oc-198">
         <name>.data:$O1$$</name>
         <load_address>0x20000694</load_address>
         <run_address>0x20000694</run_address>
         <size>0xc</size>
         <input_file_ref idref="fl-c2"/>
      </object_component>
      <object_component id="oc-195">
         <name>.data:$O1$$</name>
         <load_address>0x200006a0</load_address>
         <run_address>0x200006a0</run_address>
         <size>0x8</size>
         <input_file_ref idref="fl-c3"/>
      </object_component>
      <object_component id="oc-c2">
         <name>.common:letters_morse_code</name>
         <uninitialized>true</uninitialized>
         <run_address>0x200006bc</run_address>
         <size>0x68</size>
      </object_component>
      <object_component id="oc-29">
         <name>.sysmem</name>
         <uninitialized>true</uninitialized>
         <run_address>0x20000000</run_address>
         <size>0x8</size>
         <input_file_ref idref="fl-c2"/>
      </object_component>
      <object_component id="oc-273">
         <name>.sysmem</name>
         <uninitialized>true</uninitialized>
         <run_address>0x20000000</run_address>
         <size>0x0</size>
      </object_component>
      <object_component id="oc-26">
         <name>.stack</name>
         <uninitialized>true</uninitialized>
         <run_address>0x2000fe00</run_address>
         <size>0x4</size>
         <input_file_ref idref="fl-c0"/>
      </object_component>
      <object_component id="oc-272">
         <name>.stack</name>
         <uninitialized>true</uninitialized>
         <run_address>0x2000fe00</run_address>
         <size>0x0</size>
      </object_component>
      <object_component id="oc-c3">
         <name>.debug_info</name>
         <load_address>0x0</load_address>
         <run_address>0x0</run_address>
         <size>0x68d</size>
         <input_file_ref idref="fl-1"/>
      </object_component>
      <object_component id="oc-114">
         <name>.debug_info</name>
         <load_address>0x68d</load_address>
         <run_address>0x68d</run_address>
         <size>0x105</size>
         <input_file_ref idref="fl-1"/>
      </object_component>
      <object_component id="oc-c6">
         <name>.debug_info</name>
         <load_address>0x792</load_address>
         <run_address>0x792</run_address>
         <size>0xc7</size>
         <input_file_ref idref="fl-1"/>
      </object_component>
      <object_component id="oc-c9">
         <name>.debug_info</name>
         <load_address>0x859</load_address>
         <run_address>0x859</run_address>
         <size>0xc7</size>
         <input_file_ref idref="fl-1"/>
      </object_component>
      <object_component id="oc-cc">
         <name>.debug_info</name>
         <load_address>0x920</load_address>
         <run_address>0x920</run_address>
         <size>0xc7</size>
         <input_file_ref idref="fl-1"/>
      </object_component>
      <object_component id="oc-cf">
         <name>.debug_info</name>
         <load_address>0x9e7</load_address>
         <run_address>0x9e7</run_address>
         <size>0xc7</size>
         <input_file_ref idref="fl-1"/>
      </object_component>
      <object_component id="oc-d2">
         <name>.debug_info</name>
         <load_address>0xaae</load_address>
         <run_address>0xaae</run_address>
         <size>0xc7</size>
         <input_file_ref idref="fl-1"/>
      </object_component>
      <object_component id="oc-d5">
         <name>.debug_info</name>
         <load_address>0xb75</load_address>
         <run_address>0xb75</run_address>
         <size>0xc7</size>
         <input_file_ref idref="fl-1"/>
      </object_component>
      <object_component id="oc-d8">
         <name>.debug_info</name>
         <load_address>0xc3c</load_address>
         <run_address>0xc3c</run_address>
         <size>0xc7</size>
         <input_file_ref idref="fl-1"/>
      </object_component>
      <object_component id="oc-db">
         <name>.debug_info</name>
         <load_address>0xd03</load_address>
         <run_address>0xd03</run_address>
         <size>0xc7</size>
         <input_file_ref idref="fl-1"/>
      </object_component>
      <object_component id="oc-de">
         <name>.debug_info</name>
         <load_address>0xdca</load_address>
         <run_address>0xdca</run_address>
         <size>0xc7</size>
         <input_file_ref idref="fl-1"/>
      </object_component>
      <object_component id="oc-e1">
         <name>.debug_info</name>
         <load_address>0xe91</load_address>
         <run_address>0xe91</run_address>
         <size>0xc7</size>
         <input_file_ref idref="fl-1"/>
      </object_component>
      <object_component id="oc-e4">
         <name>.debug_info</name>
         <load_address>0xf58</load_address>
         <run_address>0xf58</run_address>
         <size>0xc7</size>
         <input_file_ref idref="fl-1"/>
      </object_component>
      <object_component id="oc-e7">
         <name>.debug_info</name>
         <load_address>0x101f</load_address>
         <run_address>0x101f</run_address>
         <size>0xc7</size>
         <input_file_ref idref="fl-1"/>
      </object_component>
      <object_component id="oc-ea">
         <name>.debug_info</name>
         <load_address>0x10e6</load_address>
         <run_address>0x10e6</run_address>
         <size>0xc7</size>
         <input_file_ref idref="fl-1"/>
      </object_component>
      <object_component id="oc-ed">
         <name>.debug_info</name>
         <load_address>0x11ad</load_address>
         <run_address>0x11ad</run_address>
         <size>0xc7</size>
         <input_file_ref idref="fl-1"/>
      </object_component>
      <object_component id="oc-f0">
         <name>.debug_info</name>
         <load_address>0x1274</load_address>
         <run_address>0x1274</run_address>
         <size>0xc7</size>
         <input_file_ref idref="fl-1"/>
      </object_component>
      <object_component id="oc-f3">
         <name>.debug_info</name>
         <load_address>0x133b</load_address>
         <run_address>0x133b</run_address>
         <size>0xc7</size>
         <input_file_ref idref="fl-1"/>
      </object_component>
      <object_component id="oc-f6">
         <name>.debug_info</name>
         <load_address>0x1402</load_address>
         <run_address>0x1402</run_address>
         <size>0xc7</size>
         <input_file_ref idref="fl-1"/>
      </object_component>
      <object_component id="oc-f9">
         <name>.debug_info</name>
         <load_address>0x14c9</load_address>
         <run_address>0x14c9</run_address>
         <size>0xc7</size>
         <input_file_ref idref="fl-1"/>
      </object_component>
      <object_component id="oc-fc">
         <name>.debug_info</name>
         <load_address>0x1590</load_address>
         <run_address>0x1590</run_address>
         <size>0xc7</size>
         <input_file_ref idref="fl-1"/>
      </object_component>
      <object_component id="oc-ff">
         <name>.debug_info</name>
         <load_address>0x1657</load_address>
         <run_address>0x1657</run_address>
         <size>0xc7</size>
         <input_file_ref idref="fl-1"/>
      </object_component>
      <object_component id="oc-102">
         <name>.debug_info</name>
         <load_address>0x171e</load_address>
         <run_address>0x171e</run_address>
         <size>0xc7</size>
         <input_file_ref idref="fl-1"/>
      </object_component>
      <object_component id="oc-105">
         <name>.debug_info</name>
         <load_address>0x17e5</load_address>
         <run_address>0x17e5</run_address>
         <size>0xc7</size>
         <input_file_ref idref="fl-1"/>
      </object_component>
      <object_component id="oc-108">
         <name>.debug_info</name>
         <load_address>0x18ac</load_address>
         <run_address>0x18ac</run_address>
         <size>0xc7</size>
         <input_file_ref idref="fl-1"/>
      </object_component>
      <object_component id="oc-10b">
         <name>.debug_info</name>
         <load_address>0x1973</load_address>
         <run_address>0x1973</run_address>
         <size>0xc7</size>
         <input_file_ref idref="fl-1"/>
      </object_component>
      <object_component id="oc-10e">
         <name>.debug_info</name>
         <load_address>0x1a3a</load_address>
         <run_address>0x1a3a</run_address>
         <size>0xc7</size>
         <input_file_ref idref="fl-1"/>
      </object_component>
      <object_component id="oc-111">
         <name>.debug_info</name>
         <load_address>0x1b01</load_address>
         <run_address>0x1b01</run_address>
         <size>0xc7</size>
         <input_file_ref idref="fl-1"/>
      </object_component>
      <object_component id="oc-6e">
         <name>.debug_info</name>
         <load_address>0x1bc8</load_address>
         <run_address>0x1bc8</run_address>
         <size>0x489</size>
         <input_file_ref idref="fl-1"/>
      </object_component>
      <object_component id="oc-1a5">
         <name>.debug_info</name>
         <load_address>0x2051</load_address>
         <run_address>0x2051</run_address>
         <size>0x37e2</size>
         <input_file_ref idref="fl-1"/>
      </object_component>
      <object_component id="oc-1aa">
         <name>.debug_info</name>
         <load_address>0x5833</load_address>
         <run_address>0x5833</run_address>
         <size>0x1055</size>
         <input_file_ref idref="fl-1"/>
      </object_component>
      <object_component id="oc-119">
         <name>.debug_info</name>
         <load_address>0x6888</load_address>
         <run_address>0x6888</run_address>
         <size>0x26b</size>
         <input_file_ref idref="fl-1"/>
      </object_component>
      <object_component id="oc-32">
         <name>.debug_info</name>
         <load_address>0x6af3</load_address>
         <run_address>0x6af3</run_address>
         <size>0x84</size>
         <input_file_ref idref="fl-1"/>
      </object_component>
      <object_component id="oc-1e5">
         <name>.debug_info</name>
         <load_address>0x6b77</load_address>
         <run_address>0x6b77</run_address>
         <size>0x297</size>
         <input_file_ref idref="fl-1"/>
      </object_component>
      <object_component id="oc-17c">
         <name>.debug_info</name>
         <load_address>0x6e0e</load_address>
         <run_address>0x6e0e</run_address>
         <size>0xbb</size>
         <input_file_ref idref="fl-1"/>
      </object_component>
      <object_component id="oc-131">
         <name>.debug_info</name>
         <load_address>0x6ec9</load_address>
         <run_address>0x6ec9</run_address>
         <size>0x2c</size>
         <input_file_ref idref="fl-1"/>
      </object_component>
      <object_component id="oc-75">
         <name>.debug_info</name>
         <load_address>0x6ef5</load_address>
         <run_address>0x6ef5</run_address>
         <size>0x2cc</size>
         <input_file_ref idref="fl-2"/>
      </object_component>
      <object_component id="oc-24">
         <name>.debug_info</name>
         <load_address>0x71c1</load_address>
         <run_address>0x71c1</run_address>
         <size>0xf8</size>
         <input_file_ref idref="fl-2"/>
      </object_component>
      <object_component id="oc-68">
         <name>.debug_info</name>
         <load_address>0x72b9</load_address>
         <run_address>0x72b9</run_address>
         <size>0x1bf</size>
         <input_file_ref idref="fl-2"/>
      </object_component>
      <object_component id="oc-179">
         <name>.debug_info</name>
         <load_address>0x7478</load_address>
         <run_address>0x7478</run_address>
         <size>0xf1</size>
         <input_file_ref idref="fl-3"/>
      </object_component>
      <object_component id="oc-aa">
         <name>.debug_info</name>
         <load_address>0x7569</load_address>
         <run_address>0x7569</run_address>
         <size>0x263</size>
         <input_file_ref idref="fl-3"/>
      </object_component>
      <object_component id="oc-90">
         <name>.debug_info</name>
         <load_address>0x77cc</load_address>
         <run_address>0x77cc</run_address>
         <size>0x31e</size>
         <input_file_ref idref="fl-bd"/>
      </object_component>
      <object_component id="oc-44">
         <name>.debug_info</name>
         <load_address>0x7aea</load_address>
         <run_address>0x7aea</run_address>
         <size>0x1bf</size>
         <input_file_ref idref="fl-bd"/>
      </object_component>
      <object_component id="oc-8b">
         <name>.debug_info</name>
         <load_address>0x7ca9</load_address>
         <run_address>0x7ca9</run_address>
         <size>0x46</size>
         <input_file_ref idref="fl-bd"/>
      </object_component>
      <object_component id="oc-42">
         <name>.debug_info</name>
         <load_address>0x7cef</load_address>
         <run_address>0x7cef</run_address>
         <size>0x2a8</size>
         <input_file_ref idref="fl-be"/>
      </object_component>
      <object_component id="oc-1b">
         <name>.debug_info</name>
         <load_address>0x7f97</load_address>
         <run_address>0x7f97</run_address>
         <size>0x1ea</size>
         <input_file_ref idref="fl-be"/>
      </object_component>
      <object_component id="oc-3d">
         <name>.debug_info</name>
         <load_address>0x8181</load_address>
         <run_address>0x8181</run_address>
         <size>0x46</size>
         <input_file_ref idref="fl-be"/>
      </object_component>
      <object_component id="oc-83">
         <name>.debug_info</name>
         <load_address>0x81c7</load_address>
         <run_address>0x81c7</run_address>
         <size>0x2c</size>
         <input_file_ref idref="fl-be"/>
      </object_component>
      <object_component id="oc-81">
         <name>.debug_info</name>
         <load_address>0x81f3</load_address>
         <run_address>0x81f3</run_address>
         <size>0x29e</size>
         <input_file_ref idref="fl-bf"/>
      </object_component>
      <object_component id="oc-15">
         <name>.debug_info</name>
         <load_address>0x8491</load_address>
         <run_address>0x8491</run_address>
         <size>0x250</size>
         <input_file_ref idref="fl-bf"/>
      </object_component>
      <object_component id="oc-2d">
         <name>.debug_info</name>
         <load_address>0x86e1</load_address>
         <run_address>0x86e1</run_address>
         <size>0x60</size>
         <input_file_ref idref="fl-bf"/>
      </object_component>
      <object_component id="oc-12a">
         <name>.debug_info</name>
         <load_address>0x8741</load_address>
         <run_address>0x8741</run_address>
         <size>0x46</size>
         <input_file_ref idref="fl-bf"/>
      </object_component>
      <object_component id="oc-7c">
         <name>.debug_info</name>
         <load_address>0x8787</load_address>
         <run_address>0x8787</run_address>
         <size>0x39</size>
         <input_file_ref idref="fl-bf"/>
      </object_component>
      <object_component id="oc-27">
         <name>.debug_info</name>
         <load_address>0x87c0</load_address>
         <run_address>0x87c0</run_address>
         <size>0x10b</size>
         <input_file_ref idref="fl-c0"/>
      </object_component>
      <object_component id="oc-56">
         <name>.debug_info</name>
         <load_address>0x88cb</load_address>
         <run_address>0x88cb</run_address>
         <size>0x1af</size>
         <input_file_ref idref="fl-c0"/>
      </object_component>
      <object_component id="oc-13b">
         <name>.debug_info</name>
         <load_address>0x8a7a</load_address>
         <run_address>0x8a7a</run_address>
         <size>0x122</size>
         <input_file_ref idref="fl-c1"/>
      </object_component>
      <object_component id="oc-7a">
         <name>.debug_info</name>
         <load_address>0x8b9c</load_address>
         <run_address>0x8b9c</run_address>
         <size>0x3c6</size>
         <input_file_ref idref="fl-c2"/>
      </object_component>
      <object_component id="oc-2a">
         <name>.debug_info</name>
         <load_address>0x8f62</load_address>
         <run_address>0x8f62</run_address>
         <size>0x10c</size>
         <input_file_ref idref="fl-c2"/>
      </object_component>
      <object_component id="oc-199">
         <name>.debug_info</name>
         <load_address>0x906e</load_address>
         <run_address>0x906e</run_address>
         <size>0x157</size>
         <input_file_ref idref="fl-c2"/>
      </object_component>
      <object_component id="oc-184">
         <name>.debug_info</name>
         <load_address>0x91c5</load_address>
         <run_address>0x91c5</run_address>
         <size>0x144</size>
         <input_file_ref idref="fl-c2"/>
      </object_component>
      <object_component id="oc-18a">
         <name>.debug_info</name>
         <load_address>0x9309</load_address>
         <run_address>0x9309</run_address>
         <size>0x17f</size>
         <input_file_ref idref="fl-c2"/>
      </object_component>
      <object_component id="oc-190">
         <name>.debug_info</name>
         <load_address>0x9488</load_address>
         <run_address>0x9488</run_address>
         <size>0x17d</size>
         <input_file_ref idref="fl-c2"/>
      </object_component>
      <object_component id="oc-b7">
         <name>.debug_info</name>
         <load_address>0x9605</load_address>
         <run_address>0x9605</run_address>
         <size>0x1e6</size>
         <input_file_ref idref="fl-c2"/>
      </object_component>
      <object_component id="oc-19d">
         <name>.debug_info</name>
         <load_address>0x97eb</load_address>
         <run_address>0x97eb</run_address>
         <size>0x1f1</size>
         <input_file_ref idref="fl-c2"/>
      </object_component>
      <object_component id="oc-bd">
         <name>.debug_info</name>
         <load_address>0x99dc</load_address>
         <run_address>0x99dc</run_address>
         <size>0x289</size>
         <input_file_ref idref="fl-c2"/>
      </object_component>
      <object_component id="oc-120">
         <name>.debug_info</name>
         <load_address>0x9c65</load_address>
         <run_address>0x9c65</run_address>
         <size>0x2c</size>
         <input_file_ref idref="fl-c2"/>
      </object_component>
      <object_component id="oc-125">
         <name>.debug_info</name>
         <load_address>0x9c91</load_address>
         <run_address>0x9c91</run_address>
         <size>0x62</size>
         <input_file_ref idref="fl-c2"/>
      </object_component>
      <object_component id="oc-216">
         <name>.debug_info</name>
         <load_address>0x9cf3</load_address>
         <run_address>0x9cf3</run_address>
         <size>0x2c9</size>
         <input_file_ref idref="fl-c3"/>
      </object_component>
      <object_component id="oc-196">
         <name>.debug_info</name>
         <load_address>0x9fbc</load_address>
         <run_address>0x9fbc</run_address>
         <size>0x11e</size>
         <input_file_ref idref="fl-c3"/>
      </object_component>
      <object_component id="oc-20f">
         <name>.debug_info</name>
         <load_address>0xa0da</load_address>
         <run_address>0xa0da</run_address>
         <size>0x12e</size>
         <input_file_ref idref="fl-c3"/>
      </object_component>
      <object_component id="oc-182">
         <name>.debug_info</name>
         <load_address>0xa208</load_address>
         <run_address>0xa208</run_address>
         <size>0x28f</size>
         <input_file_ref idref="fl-c5"/>
      </object_component>
      <object_component id="oc-b1">
         <name>.debug_info</name>
         <load_address>0xa497</load_address>
         <run_address>0xa497</run_address>
         <size>0x24b</size>
         <input_file_ref idref="fl-c5"/>
      </object_component>
      <object_component id="oc-38">
         <name>.debug_info</name>
         <load_address>0xa6e2</load_address>
         <run_address>0xa6e2</run_address>
         <size>0x11c</size>
         <input_file_ref idref="fl-c6"/>
      </object_component>
      <object_component id="oc-1f2">
         <name>.debug_info</name>
         <load_address>0xa7fe</load_address>
         <run_address>0xa7fe</run_address>
         <size>0x552</size>
         <input_file_ref idref="fl-c8"/>
      </object_component>
      <object_component id="oc-147">
         <name>.debug_info</name>
         <load_address>0xad50</load_address>
         <run_address>0xad50</run_address>
         <size>0x1a6</size>
         <input_file_ref idref="fl-c8"/>
      </object_component>
      <object_component id="oc-221">
         <name>.debug_info</name>
         <load_address>0xaef6</load_address>
         <run_address>0xaef6</run_address>
         <size>0x39</size>
         <input_file_ref idref="fl-c8"/>
      </object_component>
      <object_component id="oc-235">
         <name>.debug_info</name>
         <load_address>0xaf2f</load_address>
         <run_address>0xaf2f</run_address>
         <size>0x39</size>
         <input_file_ref idref="fl-c8"/>
      </object_component>
      <object_component id="oc-226">
         <name>.debug_info</name>
         <load_address>0xaf68</load_address>
         <run_address>0xaf68</run_address>
         <size>0x39</size>
         <input_file_ref idref="fl-c8"/>
      </object_component>
      <object_component id="oc-22b">
         <name>.debug_info</name>
         <load_address>0xafa1</load_address>
         <run_address>0xafa1</run_address>
         <size>0xcd</size>
         <input_file_ref idref="fl-c8"/>
      </object_component>
      <object_component id="oc-98">
         <name>.debug_info</name>
         <load_address>0xb06e</load_address>
         <run_address>0xb06e</run_address>
         <size>0x153</size>
         <input_file_ref idref="fl-c9"/>
      </object_component>
      <object_component id="oc-274">
         <name>.debug_info</name>
         <load_address>0xb1c1</load_address>
         <run_address>0xb1c1</run_address>
         <size>0xa7</size>
      </object_component>
      <object_component id="oc-1a4">
         <name>.debug_line</name>
         <load_address>0x0</load_address>
         <run_address>0x0</run_address>
         <size>0xd1</size>
         <input_file_ref idref="fl-1"/>
      </object_component>
      <object_component id="oc-1e4">
         <name>.debug_line</name>
         <load_address>0xd1</load_address>
         <run_address>0xd1</run_address>
         <size>0x2d</size>
         <input_file_ref idref="fl-1"/>
      </object_component>
      <object_component id="oc-1b0">
         <name>.debug_line</name>
         <load_address>0xfe</load_address>
         <run_address>0xfe</run_address>
         <size>0x2d</size>
         <input_file_ref idref="fl-1"/>
      </object_component>
      <object_component id="oc-1b2">
         <name>.debug_line</name>
         <load_address>0x12b</load_address>
         <run_address>0x12b</run_address>
         <size>0x2d</size>
         <input_file_ref idref="fl-1"/>
      </object_component>
      <object_component id="oc-1b4">
         <name>.debug_line</name>
         <load_address>0x158</load_address>
         <run_address>0x158</run_address>
         <size>0x2d</size>
         <input_file_ref idref="fl-1"/>
      </object_component>
      <object_component id="oc-1b6">
         <name>.debug_line</name>
         <load_address>0x185</load_address>
         <run_address>0x185</run_address>
         <size>0x2d</size>
         <input_file_ref idref="fl-1"/>
      </object_component>
      <object_component id="oc-1b8">
         <name>.debug_line</name>
         <load_address>0x1b2</load_address>
         <run_address>0x1b2</run_address>
         <size>0x2d</size>
         <input_file_ref idref="fl-1"/>
      </object_component>
      <object_component id="oc-1ba">
         <name>.debug_line</name>
         <load_address>0x1df</load_address>
         <run_address>0x1df</run_address>
         <size>0x2d</size>
         <input_file_ref idref="fl-1"/>
      </object_component>
      <object_component id="oc-1bc">
         <name>.debug_line</name>
         <load_address>0x20c</load_address>
         <run_address>0x20c</run_address>
         <size>0x2d</size>
         <input_file_ref idref="fl-1"/>
      </object_component>
      <object_component id="oc-1be">
         <name>.debug_line</name>
         <load_address>0x239</load_address>
         <run_address>0x239</run_address>
         <size>0x2d</size>
         <input_file_ref idref="fl-1"/>
      </object_component>
      <object_component id="oc-1c0">
         <name>.debug_line</name>
         <load_address>0x266</load_address>
         <run_address>0x266</run_address>
         <size>0x2d</size>
         <input_file_ref idref="fl-1"/>
      </object_component>
      <object_component id="oc-1c2">
         <name>.debug_line</name>
         <load_address>0x293</load_address>
         <run_address>0x293</run_address>
         <size>0x2d</size>
         <input_file_ref idref="fl-1"/>
      </object_component>
      <object_component id="oc-1c4">
         <name>.debug_line</name>
         <load_address>0x2c0</load_address>
         <run_address>0x2c0</run_address>
         <size>0x2d</size>
         <input_file_ref idref="fl-1"/>
      </object_component>
      <object_component id="oc-1c6">
         <name>.debug_line</name>
         <load_address>0x2ed</load_address>
         <run_address>0x2ed</run_address>
         <size>0x2d</size>
         <input_file_ref idref="fl-1"/>
      </object_component>
      <object_component id="oc-1c8">
         <name>.debug_line</name>
         <load_address>0x31a</load_address>
         <run_address>0x31a</run_address>
         <size>0x2d</size>
         <input_file_ref idref="fl-1"/>
      </object_component>
      <object_component id="oc-1ca">
         <name>.debug_line</name>
         <load_address>0x347</load_address>
         <run_address>0x347</run_address>
         <size>0x2d</size>
         <input_file_ref idref="fl-1"/>
      </object_component>
      <object_component id="oc-1cc">
         <name>.debug_line</name>
         <load_address>0x374</load_address>
         <run_address>0x374</run_address>
         <size>0x2d</size>
         <input_file_ref idref="fl-1"/>
      </object_component>
      <object_component id="oc-1ce">
         <name>.debug_line</name>
         <load_address>0x3a1</load_address>
         <run_address>0x3a1</run_address>
         <size>0x2d</size>
         <input_file_ref idref="fl-1"/>
      </object_component>
      <object_component id="oc-1d0">
         <name>.debug_line</name>
         <load_address>0x3ce</load_address>
         <run_address>0x3ce</run_address>
         <size>0x2d</size>
         <input_file_ref idref="fl-1"/>
      </object_component>
      <object_component id="oc-1d2">
         <name>.debug_line</name>
         <load_address>0x3fb</load_address>
         <run_address>0x3fb</run_address>
         <size>0x2d</size>
         <input_file_ref idref="fl-1"/>
      </object_component>
      <object_component id="oc-1d4">
         <name>.debug_line</name>
         <load_address>0x428</load_address>
         <run_address>0x428</run_address>
         <size>0x2d</size>
         <input_file_ref idref="fl-1"/>
      </object_component>
      <object_component id="oc-1d6">
         <name>.debug_line</name>
         <load_address>0x455</load_address>
         <run_address>0x455</run_address>
         <size>0x2d</size>
         <input_file_ref idref="fl-1"/>
      </object_component>
      <object_component id="oc-1d8">
         <name>.debug_line</name>
         <load_address>0x482</load_address>
         <run_address>0x482</run_address>
         <size>0x2d</size>
         <input_file_ref idref="fl-1"/>
      </object_component>
      <object_component id="oc-1da">
         <name>.debug_line</name>
         <load_address>0x4af</load_address>
         <run_address>0x4af</run_address>
         <size>0x2d</size>
         <input_file_ref idref="fl-1"/>
      </object_component>
      <object_component id="oc-1dc">
         <name>.debug_line</name>
         <load_address>0x4dc</load_address>
         <run_address>0x4dc</run_address>
         <size>0x2d</size>
         <input_file_ref idref="fl-1"/>
      </object_component>
      <object_component id="oc-1de">
         <name>.debug_line</name>
         <load_address>0x509</load_address>
         <run_address>0x509</run_address>
         <size>0x2d</size>
         <input_file_ref idref="fl-1"/>
      </object_component>
      <object_component id="oc-1e0">
         <name>.debug_line</name>
         <load_address>0x536</load_address>
         <run_address>0x536</run_address>
         <size>0x2d</size>
         <input_file_ref idref="fl-1"/>
      </object_component>
      <object_component id="oc-1e2">
         <name>.debug_line</name>
         <load_address>0x563</load_address>
         <run_address>0x563</run_address>
         <size>0x2d</size>
         <input_file_ref idref="fl-1"/>
      </object_component>
      <object_component id="oc-71">
         <name>.debug_line</name>
         <load_address>0x590</load_address>
         <run_address>0x590</run_address>
         <size>0x1ab</size>
         <input_file_ref idref="fl-1"/>
      </object_component>
      <object_component id="oc-1a8">
         <name>.debug_line</name>
         <load_address>0x73b</load_address>
         <run_address>0x73b</run_address>
         <size>0x5f</size>
         <input_file_ref idref="fl-1"/>
      </object_component>
      <object_component id="oc-1ad">
         <name>.debug_line</name>
         <load_address>0x79a</load_address>
         <run_address>0x79a</run_address>
         <size>0x62</size>
         <input_file_ref idref="fl-1"/>
      </object_component>
      <object_component id="oc-11c">
         <name>.debug_line</name>
         <load_address>0x7fc</load_address>
         <run_address>0x7fc</run_address>
         <size>0x76</size>
         <input_file_ref idref="fl-1"/>
      </object_component>
      <object_component id="oc-35">
         <name>.debug_line</name>
         <load_address>0x872</load_address>
         <run_address>0x872</run_address>
         <size>0x20</size>
         <input_file_ref idref="fl-1"/>
      </object_component>
      <object_component id="oc-1e8">
         <name>.debug_line</name>
         <load_address>0x892</load_address>
         <run_address>0x892</run_address>
         <size>0x7a</size>
         <input_file_ref idref="fl-1"/>
      </object_component>
      <object_component id="oc-17f">
         <name>.debug_line</name>
         <load_address>0x90c</load_address>
         <run_address>0x90c</run_address>
         <size>0x77</size>
         <input_file_ref idref="fl-1"/>
      </object_component>
      <object_component id="oc-134">
         <name>.debug_line</name>
         <load_address>0x983</load_address>
         <run_address>0x983</run_address>
         <size>0x72</size>
         <input_file_ref idref="fl-1"/>
      </object_component>
      <object_component id="oc-118">
         <name>.debug_line</name>
         <load_address>0x9f5</load_address>
         <run_address>0x9f5</run_address>
         <size>0x40</size>
         <input_file_ref idref="fl-2"/>
      </object_component>
      <object_component id="oc-74">
         <name>.debug_line</name>
         <load_address>0xa35</load_address>
         <run_address>0xa35</run_address>
         <size>0x40</size>
         <input_file_ref idref="fl-2"/>
      </object_component>
      <object_component id="oc-6b">
         <name>.debug_line</name>
         <load_address>0xa75</load_address>
         <run_address>0xa75</run_address>
         <size>0x71</size>
         <input_file_ref idref="fl-2"/>
      </object_component>
      <object_component id="oc-208">
         <name>.debug_line</name>
         <load_address>0xae6</load_address>
         <run_address>0xae6</run_address>
         <size>0x3b</size>
         <input_file_ref idref="fl-3"/>
      </object_component>
      <object_component id="oc-ad">
         <name>.debug_line</name>
         <load_address>0xb21</load_address>
         <run_address>0xb21</run_address>
         <size>0x159</size>
         <input_file_ref idref="fl-3"/>
      </object_component>
      <object_component id="oc-137">
         <name>.debug_line</name>
         <load_address>0xc7a</load_address>
         <run_address>0xc7a</run_address>
         <size>0xa9</size>
         <input_file_ref idref="fl-bd"/>
      </object_component>
      <object_component id="oc-47">
         <name>.debug_line</name>
         <load_address>0xd23</load_address>
         <run_address>0xd23</run_address>
         <size>0x4f</size>
         <input_file_ref idref="fl-bd"/>
      </object_component>
      <object_component id="oc-8e">
         <name>.debug_line</name>
         <load_address>0xd72</load_address>
         <run_address>0xd72</run_address>
         <size>0x34</size>
         <input_file_ref idref="fl-bd"/>
      </object_component>
      <object_component id="oc-89">
         <name>.debug_line</name>
         <load_address>0xda6</load_address>
         <run_address>0xda6</run_address>
         <size>0x20</size>
         <input_file_ref idref="fl-be"/>
      </object_component>
      <object_component id="oc-1e">
         <name>.debug_line</name>
         <load_address>0xdc6</load_address>
         <run_address>0xdc6</run_address>
         <size>0x55</size>
         <input_file_ref idref="fl-be"/>
      </object_component>
      <object_component id="oc-40">
         <name>.debug_line</name>
         <load_address>0xe1b</load_address>
         <run_address>0xe1b</run_address>
         <size>0x3a</size>
         <input_file_ref idref="fl-be"/>
      </object_component>
      <object_component id="oc-86">
         <name>.debug_line</name>
         <load_address>0xe55</load_address>
         <run_address>0xe55</run_address>
         <size>0x95</size>
         <input_file_ref idref="fl-be"/>
      </object_component>
      <object_component id="oc-130">
         <name>.debug_line</name>
         <load_address>0xeea</load_address>
         <run_address>0xeea</run_address>
         <size>0x20</size>
         <input_file_ref idref="fl-bf"/>
      </object_component>
      <object_component id="oc-18">
         <name>.debug_line</name>
         <load_address>0xf0a</load_address>
         <run_address>0xf0a</run_address>
         <size>0xa9</size>
         <input_file_ref idref="fl-bf"/>
      </object_component>
      <object_component id="oc-30">
         <name>.debug_line</name>
         <load_address>0xfb3</load_address>
         <run_address>0xfb3</run_address>
         <size>0x3a</size>
         <input_file_ref idref="fl-bf"/>
      </object_component>
      <object_component id="oc-12d">
         <name>.debug_line</name>
         <load_address>0xfed</load_address>
         <run_address>0xfed</run_address>
         <size>0x9d</size>
         <input_file_ref idref="fl-bf"/>
      </object_component>
      <object_component id="oc-7f">
         <name>.debug_line</name>
         <load_address>0x108a</load_address>
         <run_address>0x108a</run_address>
         <size>0x99</size>
         <input_file_ref idref="fl-bf"/>
      </object_component>
      <object_component id="oc-77">
         <name>.debug_line</name>
         <load_address>0x1123</load_address>
         <run_address>0x1123</run_address>
         <size>0x33</size>
         <input_file_ref idref="fl-c0"/>
      </object_component>
      <object_component id="oc-59">
         <name>.debug_line</name>
         <load_address>0x1156</load_address>
         <run_address>0x1156</run_address>
         <size>0x56</size>
         <input_file_ref idref="fl-c0"/>
      </object_component>
      <object_component id="oc-13e">
         <name>.debug_line</name>
         <load_address>0x11ac</load_address>
         <run_address>0x11ac</run_address>
         <size>0x3c</size>
         <input_file_ref idref="fl-c1"/>
      </object_component>
      <object_component id="oc-11f">
         <name>.debug_line</name>
         <load_address>0x11e8</load_address>
         <run_address>0x11e8</run_address>
         <size>0xa0</size>
         <input_file_ref idref="fl-c2"/>
      </object_component>
      <object_component id="oc-79">
         <name>.debug_line</name>
         <load_address>0x1288</load_address>
         <run_address>0x1288</run_address>
         <size>0x2c</size>
         <input_file_ref idref="fl-c2"/>
      </object_component>
      <object_component id="oc-219">
         <name>.debug_line</name>
         <load_address>0x12b4</load_address>
         <run_address>0x12b4</run_address>
         <size>0x2c</size>
         <input_file_ref idref="fl-c2"/>
      </object_component>
      <object_component id="oc-187">
         <name>.debug_line</name>
         <load_address>0x12e0</load_address>
         <run_address>0x12e0</run_address>
         <size>0x4b</size>
         <input_file_ref idref="fl-c2"/>
      </object_component>
      <object_component id="oc-18d">
         <name>.debug_line</name>
         <load_address>0x132b</load_address>
         <run_address>0x132b</run_address>
         <size>0x5a</size>
         <input_file_ref idref="fl-c2"/>
      </object_component>
      <object_component id="oc-193">
         <name>.debug_line</name>
         <load_address>0x1385</load_address>
         <run_address>0x1385</run_address>
         <size>0x67</size>
         <input_file_ref idref="fl-c2"/>
      </object_component>
      <object_component id="oc-ba">
         <name>.debug_line</name>
         <load_address>0x13ec</load_address>
         <run_address>0x13ec</run_address>
         <size>0x73</size>
         <input_file_ref idref="fl-c2"/>
      </object_component>
      <object_component id="oc-1a0">
         <name>.debug_line</name>
         <load_address>0x145f</load_address>
         <run_address>0x145f</run_address>
         <size>0xa0</size>
         <input_file_ref idref="fl-c2"/>
      </object_component>
      <object_component id="oc-c0">
         <name>.debug_line</name>
         <load_address>0x14ff</load_address>
         <run_address>0x14ff</run_address>
         <size>0xb4</size>
         <input_file_ref idref="fl-c2"/>
      </object_component>
      <object_component id="oc-123">
         <name>.debug_line</name>
         <load_address>0x15b3</load_address>
         <run_address>0x15b3</run_address>
         <size>0x95</size>
         <input_file_ref idref="fl-c2"/>
      </object_component>
      <object_component id="oc-128">
         <name>.debug_line</name>
         <load_address>0x1648</load_address>
         <run_address>0x1648</run_address>
         <size>0x2c</size>
         <input_file_ref idref="fl-c2"/>
      </object_component>
      <object_component id="oc-234">
         <name>.debug_line</name>
         <load_address>0x1674</load_address>
         <run_address>0x1674</run_address>
         <size>0x20</size>
         <input_file_ref idref="fl-c3"/>
      </object_component>
      <object_component id="oc-215">
         <name>.debug_line</name>
         <load_address>0x1694</load_address>
         <run_address>0x1694</run_address>
         <size>0x2b</size>
         <input_file_ref idref="fl-c3"/>
      </object_component>
      <object_component id="oc-212">
         <name>.debug_line</name>
         <load_address>0x16bf</load_address>
         <run_address>0x16bf</run_address>
         <size>0x3a</size>
         <input_file_ref idref="fl-c3"/>
      </object_component>
      <object_component id="oc-20a">
         <name>.debug_line</name>
         <load_address>0x16f9</load_address>
         <run_address>0x16f9</run_address>
         <size>0x20</size>
         <input_file_ref idref="fl-c5"/>
      </object_component>
      <object_component id="oc-b4">
         <name>.debug_line</name>
         <load_address>0x1719</load_address>
         <run_address>0x1719</run_address>
         <size>0xb5</size>
         <input_file_ref idref="fl-c5"/>
      </object_component>
      <object_component id="oc-3b">
         <name>.debug_line</name>
         <load_address>0x17ce</load_address>
         <run_address>0x17ce</run_address>
         <size>0x88</size>
         <input_file_ref idref="fl-c6"/>
      </object_component>
      <object_component id="oc-220">
         <name>.debug_line</name>
         <load_address>0x1856</load_address>
         <run_address>0x1856</run_address>
         <size>0xc2</size>
         <input_file_ref idref="fl-c8"/>
      </object_component>
      <object_component id="oc-14a">
         <name>.debug_line</name>
         <load_address>0x1918</load_address>
         <run_address>0x1918</run_address>
         <size>0x6c</size>
         <input_file_ref idref="fl-c8"/>
      </object_component>
      <object_component id="oc-224">
         <name>.debug_line</name>
         <load_address>0x1984</load_address>
         <run_address>0x1984</run_address>
         <size>0x2e</size>
         <input_file_ref idref="fl-c8"/>
      </object_component>
      <object_component id="oc-238">
         <name>.debug_line</name>
         <load_address>0x19b2</load_address>
         <run_address>0x19b2</run_address>
         <size>0x9d</size>
         <input_file_ref idref="fl-c8"/>
      </object_component>
      <object_component id="oc-229">
         <name>.debug_line</name>
         <load_address>0x1a4f</load_address>
         <run_address>0x1a4f</run_address>
         <size>0x9a</size>
         <input_file_ref idref="fl-c8"/>
      </object_component>
      <object_component id="oc-22e">
         <name>.debug_line</name>
         <load_address>0x1ae9</load_address>
         <run_address>0x1ae9</run_address>
         <size>0x96</size>
         <input_file_ref idref="fl-c8"/>
      </object_component>
      <object_component id="oc-9b">
         <name>.debug_line</name>
         <load_address>0x1b7f</load_address>
         <run_address>0x1b7f</run_address>
         <size>0x40</size>
         <input_file_ref idref="fl-c9"/>
      </object_component>
      <object_component id="oc-72">
         <name>.debug_frame</name>
         <load_address>0x0</load_address>
         <run_address>0x0</run_address>
         <size>0xe0</size>
         <input_file_ref idref="fl-1"/>
      </object_component>
      <object_component id="oc-6c">
         <name>.debug_frame</name>
         <load_address>0xe0</load_address>
         <run_address>0xe0</run_address>
         <size>0x6c</size>
         <input_file_ref idref="fl-2"/>
      </object_component>
      <object_component id="oc-ae">
         <name>.debug_frame</name>
         <load_address>0x14c</load_address>
         <run_address>0x14c</run_address>
         <size>0x70</size>
         <input_file_ref idref="fl-3"/>
      </object_component>
      <object_component id="oc-48">
         <name>.debug_frame</name>
         <load_address>0x1bc</load_address>
         <run_address>0x1bc</run_address>
         <size>0x54</size>
         <input_file_ref idref="fl-bd"/>
      </object_component>
      <object_component id="oc-1f">
         <name>.debug_frame</name>
         <load_address>0x210</load_address>
         <run_address>0x210</run_address>
         <size>0x54</size>
         <input_file_ref idref="fl-be"/>
      </object_component>
      <object_component id="oc-19">
         <name>.debug_frame</name>
         <load_address>0x264</load_address>
         <run_address>0x264</run_address>
         <size>0x60</size>
         <input_file_ref idref="fl-bf"/>
      </object_component>
      <object_component id="oc-5a">
         <name>.debug_frame</name>
         <load_address>0x2c4</load_address>
         <run_address>0x2c4</run_address>
         <size>0x58</size>
         <input_file_ref idref="fl-c0"/>
      </object_component>
      <object_component id="oc-13f">
         <name>.debug_frame</name>
         <load_address>0x31c</load_address>
         <run_address>0x31c</run_address>
         <size>0x54</size>
         <input_file_ref idref="fl-c1"/>
      </object_component>
      <object_component id="oc-188">
         <name>.debug_frame</name>
         <load_address>0x370</load_address>
         <run_address>0x370</run_address>
         <size>0x5c</size>
         <input_file_ref idref="fl-c2"/>
      </object_component>
      <object_component id="oc-18e">
         <name>.debug_frame</name>
         <load_address>0x3cc</load_address>
         <run_address>0x3cc</run_address>
         <size>0x54</size>
         <input_file_ref idref="fl-c2"/>
      </object_component>
      <object_component id="oc-194">
         <name>.debug_frame</name>
         <load_address>0x420</load_address>
         <run_address>0x420</run_address>
         <size>0x5c</size>
         <input_file_ref idref="fl-c2"/>
      </object_component>
      <object_component id="oc-bb">
         <name>.debug_frame</name>
         <load_address>0x47c</load_address>
         <run_address>0x47c</run_address>
         <size>0x64</size>
         <input_file_ref idref="fl-c2"/>
      </object_component>
      <object_component id="oc-1a1">
         <name>.debug_frame</name>
         <load_address>0x4e0</load_address>
         <run_address>0x4e0</run_address>
         <size>0x60</size>
         <input_file_ref idref="fl-c2"/>
      </object_component>
      <object_component id="oc-c1">
         <name>.debug_frame</name>
         <load_address>0x540</load_address>
         <run_address>0x540</run_address>
         <size>0x68</size>
         <input_file_ref idref="fl-c2"/>
      </object_component>
      <object_component id="oc-213">
         <name>.debug_frame</name>
         <load_address>0x5a8</load_address>
         <run_address>0x5a8</run_address>
         <size>0x54</size>
         <input_file_ref idref="fl-c3"/>
      </object_component>
      <object_component id="oc-b5">
         <name>.debug_frame</name>
         <load_address>0x5fc</load_address>
         <run_address>0x5fc</run_address>
         <size>0x54</size>
         <input_file_ref idref="fl-c5"/>
      </object_component>
      <object_component id="oc-14b">
         <name>.debug_frame</name>
         <load_address>0x650</load_address>
         <run_address>0x650</run_address>
         <size>0x5c</size>
         <input_file_ref idref="fl-c8"/>
      </object_component>
      <object_component id="oc-9c">
         <name>.debug_frame</name>
         <load_address>0x6ac</load_address>
         <run_address>0x6ac</run_address>
         <size>0x54</size>
         <input_file_ref idref="fl-c9"/>
      </object_component>
      <object_component id="oc-1a3">
         <name>.debug_abbrev</name>
         <load_address>0x0</load_address>
         <run_address>0x0</run_address>
         <size>0xf6</size>
         <input_file_ref idref="fl-1"/>
      </object_component>
      <object_component id="oc-1e3">
         <name>.debug_abbrev</name>
         <load_address>0xf6</load_address>
         <run_address>0xf6</run_address>
         <size>0x29</size>
         <input_file_ref idref="fl-1"/>
      </object_component>
      <object_component id="oc-1af">
         <name>.debug_abbrev</name>
         <load_address>0x11f</load_address>
         <run_address>0x11f</run_address>
         <size>0x29</size>
         <input_file_ref idref="fl-1"/>
      </object_component>
      <object_component id="oc-1b1">
         <name>.debug_abbrev</name>
         <load_address>0x148</load_address>
         <run_address>0x148</run_address>
         <size>0x29</size>
         <input_file_ref idref="fl-1"/>
      </object_component>
      <object_component id="oc-1b3">
         <name>.debug_abbrev</name>
         <load_address>0x171</load_address>
         <run_address>0x171</run_address>
         <size>0x29</size>
         <input_file_ref idref="fl-1"/>
      </object_component>
      <object_component id="oc-1b5">
         <name>.debug_abbrev</name>
         <load_address>0x19a</load_address>
         <run_address>0x19a</run_address>
         <size>0x29</size>
         <input_file_ref idref="fl-1"/>
      </object_component>
      <object_component id="oc-1b7">
         <name>.debug_abbrev</name>
         <load_address>0x1c3</load_address>
         <run_address>0x1c3</run_address>
         <size>0x29</size>
         <input_file_ref idref="fl-1"/>
      </object_component>
      <object_component id="oc-1b9">
         <name>.debug_abbrev</name>
         <load_address>0x1ec</load_address>
         <run_address>0x1ec</run_address>
         <size>0x29</size>
         <input_file_ref idref="fl-1"/>
      </object_component>
      <object_component id="oc-1bb">
         <name>.debug_abbrev</name>
         <load_address>0x215</load_address>
         <run_address>0x215</run_address>
         <size>0x29</size>
         <input_file_ref idref="fl-1"/>
      </object_component>
      <object_component id="oc-1bd">
         <name>.debug_abbrev</name>
         <load_address>0x23e</load_address>
         <run_address>0x23e</run_address>
         <size>0x29</size>
         <input_file_ref idref="fl-1"/>
      </object_component>
      <object_component id="oc-1bf">
         <name>.debug_abbrev</name>
         <load_address>0x267</load_address>
         <run_address>0x267</run_address>
         <size>0x29</size>
         <input_file_ref idref="fl-1"/>
      </object_component>
      <object_component id="oc-1c1">
         <name>.debug_abbrev</name>
         <load_address>0x290</load_address>
         <run_address>0x290</run_address>
         <size>0x29</size>
         <input_file_ref idref="fl-1"/>
      </object_component>
      <object_component id="oc-1c3">
         <name>.debug_abbrev</name>
         <load_address>0x2b9</load_address>
         <run_address>0x2b9</run_address>
         <size>0x29</size>
         <input_file_ref idref="fl-1"/>
      </object_component>
      <object_component id="oc-1c5">
         <name>.debug_abbrev</name>
         <load_address>0x2e2</load_address>
         <run_address>0x2e2</run_address>
         <size>0x29</size>
         <input_file_ref idref="fl-1"/>
      </object_component>
      <object_component id="oc-1c7">
         <name>.debug_abbrev</name>
         <load_address>0x30b</load_address>
         <run_address>0x30b</run_address>
         <size>0x29</size>
         <input_file_ref idref="fl-1"/>
      </object_component>
      <object_component id="oc-1c9">
         <name>.debug_abbrev</name>
         <load_address>0x334</load_address>
         <run_address>0x334</run_address>
         <size>0x29</size>
         <input_file_ref idref="fl-1"/>
      </object_component>
      <object_component id="oc-1cb">
         <name>.debug_abbrev</name>
         <load_address>0x35d</load_address>
         <run_address>0x35d</run_address>
         <size>0x29</size>
         <input_file_ref idref="fl-1"/>
      </object_component>
      <object_component id="oc-1cd">
         <name>.debug_abbrev</name>
         <load_address>0x386</load_address>
         <run_address>0x386</run_address>
         <size>0x29</size>
         <input_file_ref idref="fl-1"/>
      </object_component>
      <object_component id="oc-1cf">
         <name>.debug_abbrev</name>
         <load_address>0x3af</load_address>
         <run_address>0x3af</run_address>
         <size>0x29</size>
         <input_file_ref idref="fl-1"/>
      </object_component>
      <object_component id="oc-1d1">
         <name>.debug_abbrev</name>
         <load_address>0x3d8</load_address>
         <run_address>0x3d8</run_address>
         <size>0x29</size>
         <input_file_ref idref="fl-1"/>
      </object_component>
      <object_component id="oc-1d3">
         <name>.debug_abbrev</name>
         <load_address>0x401</load_address>
         <run_address>0x401</run_address>
         <size>0x29</size>
         <input_file_ref idref="fl-1"/>
      </object_component>
      <object_component id="oc-1d5">
         <name>.debug_abbrev</name>
         <load_address>0x42a</load_address>
         <run_address>0x42a</run_address>
         <size>0x29</size>
         <input_file_ref idref="fl-1"/>
      </object_component>
      <object_component id="oc-1d7">
         <name>.debug_abbrev</name>
         <load_address>0x453</load_address>
         <run_address>0x453</run_address>
         <size>0x29</size>
         <input_file_ref idref="fl-1"/>
      </object_component>
      <object_component id="oc-1d9">
         <name>.debug_abbrev</name>
         <load_address>0x47c</load_address>
         <run_address>0x47c</run_address>
         <size>0x29</size>
         <input_file_ref idref="fl-1"/>
      </object_component>
      <object_component id="oc-1db">
         <name>.debug_abbrev</name>
         <load_address>0x4a5</load_address>
         <run_address>0x4a5</run_address>
         <size>0x29</size>
         <input_file_ref idref="fl-1"/>
      </object_component>
      <object_component id="oc-1dd">
         <name>.debug_abbrev</name>
         <load_address>0x4ce</load_address>
         <run_address>0x4ce</run_address>
         <size>0x29</size>
         <input_file_ref idref="fl-1"/>
      </object_component>
      <object_component id="oc-1df">
         <name>.debug_abbrev</name>
         <load_address>0x4f7</load_address>
         <run_address>0x4f7</run_address>
         <size>0x29</size>
         <input_file_ref idref="fl-1"/>
      </object_component>
      <object_component id="oc-1e1">
         <name>.debug_abbrev</name>
         <load_address>0x520</load_address>
         <run_address>0x520</run_address>
         <size>0x29</size>
         <input_file_ref idref="fl-1"/>
      </object_component>
      <object_component id="oc-116">
         <name>.debug_abbrev</name>
         <load_address>0x549</load_address>
         <run_address>0x549</run_address>
         <size>0xe1</size>
         <input_file_ref idref="fl-1"/>
      </object_component>
      <object_component id="oc-1a7">
         <name>.debug_abbrev</name>
         <load_address>0x62a</load_address>
         <run_address>0x62a</run_address>
         <size>0xbd</size>
         <input_file_ref idref="fl-1"/>
      </object_component>
      <object_component id="oc-1ac">
         <name>.debug_abbrev</name>
         <load_address>0x6e7</load_address>
         <run_address>0x6e7</run_address>
         <size>0x97</size>
         <input_file_ref idref="fl-1"/>
      </object_component>
      <object_component id="oc-11b">
         <name>.debug_abbrev</name>
         <load_address>0x77e</load_address>
         <run_address>0x77e</run_address>
         <size>0x69</size>
         <input_file_ref idref="fl-1"/>
      </object_component>
      <object_component id="oc-34">
         <name>.debug_abbrev</name>
         <load_address>0x7e7</load_address>
         <run_address>0x7e7</run_address>
         <size>0x1f</size>
         <input_file_ref idref="fl-1"/>
      </object_component>
      <object_component id="oc-1e7">
         <name>.debug_abbrev</name>
         <load_address>0x806</load_address>
         <run_address>0x806</run_address>
         <size>0x5c</size>
         <input_file_ref idref="fl-1"/>
      </object_component>
      <object_component id="oc-17e">
         <name>.debug_abbrev</name>
         <load_address>0x862</load_address>
         <run_address>0x862</run_address>
         <size>0x24</size>
         <input_file_ref idref="fl-1"/>
      </object_component>
      <object_component id="oc-133">
         <name>.debug_abbrev</name>
         <load_address>0x886</load_address>
         <run_address>0x886</run_address>
         <size>0x24</size>
         <input_file_ref idref="fl-1"/>
      </object_component>
      <object_component id="oc-117">
         <name>.debug_abbrev</name>
         <load_address>0x8aa</load_address>
         <run_address>0x8aa</run_address>
         <size>0x7c</size>
         <input_file_ref idref="fl-2"/>
      </object_component>
      <object_component id="oc-73">
         <name>.debug_abbrev</name>
         <load_address>0x926</load_address>
         <run_address>0x926</run_address>
         <size>0x29</size>
         <input_file_ref idref="fl-2"/>
      </object_component>
      <object_component id="oc-af">
         <name>.debug_abbrev</name>
         <load_address>0x94f</load_address>
         <run_address>0x94f</run_address>
         <size>0x89</size>
         <input_file_ref idref="fl-2"/>
      </object_component>
      <object_component id="oc-207">
         <name>.debug_abbrev</name>
         <load_address>0x9d8</load_address>
         <run_address>0x9d8</run_address>
         <size>0x29</size>
         <input_file_ref idref="fl-3"/>
      </object_component>
      <object_component id="oc-17b">
         <name>.debug_abbrev</name>
         <load_address>0xa01</load_address>
         <run_address>0xa01</run_address>
         <size>0x8b</size>
         <input_file_ref idref="fl-3"/>
      </object_component>
      <object_component id="oc-136">
         <name>.debug_abbrev</name>
         <load_address>0xa8c</load_address>
         <run_address>0xa8c</run_address>
         <size>0x73</size>
         <input_file_ref idref="fl-bd"/>
      </object_component>
      <object_component id="oc-8a">
         <name>.debug_abbrev</name>
         <load_address>0xaff</load_address>
         <run_address>0xaff</run_address>
         <size>0x6f</size>
         <input_file_ref idref="fl-bd"/>
      </object_component>
      <object_component id="oc-8d">
         <name>.debug_abbrev</name>
         <load_address>0xb6e</load_address>
         <run_address>0xb6e</run_address>
         <size>0x24</size>
         <input_file_ref idref="fl-bd"/>
      </object_component>
      <object_component id="oc-88">
         <name>.debug_abbrev</name>
         <load_address>0xb92</load_address>
         <run_address>0xb92</run_address>
         <size>0x37</size>
         <input_file_ref idref="fl-be"/>
      </object_component>
      <object_component id="oc-3c">
         <name>.debug_abbrev</name>
         <load_address>0xbc9</load_address>
         <run_address>0xbc9</run_address>
         <size>0x74</size>
         <input_file_ref idref="fl-be"/>
      </object_component>
      <object_component id="oc-3f">
         <name>.debug_abbrev</name>
         <load_address>0xc3d</load_address>
         <run_address>0xc3d</run_address>
         <size>0x24</size>
         <input_file_ref idref="fl-be"/>
      </object_component>
      <object_component id="oc-85">
         <name>.debug_abbrev</name>
         <load_address>0xc61</load_address>
         <run_address>0xc61</run_address>
         <size>0x24</size>
         <input_file_ref idref="fl-be"/>
      </object_component>
      <object_component id="oc-12f">
         <name>.debug_abbrev</name>
         <load_address>0xc85</load_address>
         <run_address>0xc85</run_address>
         <size>0x37</size>
         <input_file_ref idref="fl-bf"/>
      </object_component>
      <object_component id="oc-2c">
         <name>.debug_abbrev</name>
         <load_address>0xcbc</load_address>
         <run_address>0xcbc</run_address>
         <size>0x6f</size>
         <input_file_ref idref="fl-bf"/>
      </object_component>
      <object_component id="oc-2f">
         <name>.debug_abbrev</name>
         <load_address>0xd2b</load_address>
         <run_address>0xd2b</run_address>
         <size>0x24</size>
         <input_file_ref idref="fl-bf"/>
      </object_component>
      <object_component id="oc-12c">
         <name>.debug_abbrev</name>
         <load_address>0xd4f</load_address>
         <run_address>0xd4f</run_address>
         <size>0x35</size>
         <input_file_ref idref="fl-bf"/>
      </object_component>
      <object_component id="oc-7e">
         <name>.debug_abbrev</name>
         <load_address>0xd84</load_address>
         <run_address>0xd84</run_address>
         <size>0x24</size>
         <input_file_ref idref="fl-bf"/>
      </object_component>
      <object_component id="oc-76">
         <name>.debug_abbrev</name>
         <load_address>0xda8</load_address>
         <run_address>0xda8</run_address>
         <size>0x29</size>
         <input_file_ref idref="fl-c0"/>
      </object_component>
      <object_component id="oc-a0">
         <name>.debug_abbrev</name>
         <load_address>0xdd1</load_address>
         <run_address>0xdd1</run_address>
         <size>0x61</size>
         <input_file_ref idref="fl-c0"/>
      </object_component>
      <object_component id="oc-1ea">
         <name>.debug_abbrev</name>
         <load_address>0xe32</load_address>
         <run_address>0xe32</run_address>
         <size>0x45</size>
         <input_file_ref idref="fl-c1"/>
      </object_component>
      <object_component id="oc-11e">
         <name>.debug_abbrev</name>
         <load_address>0xe77</load_address>
         <run_address>0xe77</run_address>
         <size>0xcf</size>
         <input_file_ref idref="fl-c2"/>
      </object_component>
      <object_component id="oc-78">
         <name>.debug_abbrev</name>
         <load_address>0xf46</load_address>
         <run_address>0xf46</run_address>
         <size>0x29</size>
         <input_file_ref idref="fl-c2"/>
      </object_component>
      <object_component id="oc-218">
         <name>.debug_abbrev</name>
         <load_address>0xf6f</load_address>
         <run_address>0xf6f</run_address>
         <size>0x27</size>
         <input_file_ref idref="fl-c2"/>
      </object_component>
      <object_component id="oc-20b">
         <name>.debug_abbrev</name>
         <load_address>0xf96</load_address>
         <run_address>0xf96</run_address>
         <size>0x62</size>
         <input_file_ref idref="fl-c2"/>
      </object_component>
[...]
      </memory_area>
      <memory_area display="yes" color="green">
         <name>SRAM_DATA</name>
         <page_id>0x0</page_id>
         <origin>0x20000000</origin>
         <length>0x10000</length>
         <used_space>0x924</used_space>
         <unused_space>0xf6dc</unused_space>
         <attributes>RW</attributes>
         <usage_details>
            <allocated_space>
               <start_address>0x20000000</start_address>
               <size>0x400</size>
               <logical_group_ref idref="lg-10"/>
            </allocated_space>
            <allocated_space>
               <start_address>0x20000400</start_address>
               <size>0x2bc</size>
               <logical_group_ref idref="lg-e"/>
            </allocated_space>
            <allocated_space>
               <start_address>0x200006bc</start_address>
               <size>0x68</size>
               <logical_group_ref idref="lg-f"/>
            </allocated_space>
            <available_space>
               <start_address>0x20000724</start_address>
               <size>0xf6dc</size>
            </available_space>
            <allocated_space>
               <start_address>0x2000fe00</start_address>
               <size>0x200</size>
               <logical_group_ref idref="lg-11"/>
            </allocated_space>
         </usage_details>
      </memory_area>
   </placement_map>
   <cptbl_list>
      <cptbl>
         <name>__TI_cinit_table</name>
         <cprec>
            <name>.data</name>
            <load_address>0xd40</load_address>
            <load_size>0x7a</load_size>
            <run_address>0x20000400</run_address>
            <run_size>0x2bc</run_size>
            <compression>lzss</compression>
         </cprec>
         <cprec>
            <name>.bss</name>
            <load_address>0xdc8</load_address>
            <load_size>0x8</load_size>
            <run_address>0x200006bc</run_address>
            <run_size>0x68</run_size>
            <compression>zero_init</compression>
         </cprec>
      </cptbl>
   </cptbl_list>
   <handler_table>
      <handler_table_name>__TI_handler_table</handler_table_name>
      <handler>
         <index>0x0</index>
         <name>__TI_decompress_lzss</name>
      </handler>
      <handler>
         <index>0x1</index>
         <name>__TI_decompress_none</name>
      </handler>
      <handler>
         <index>0x2</index>
         <name>__TI_zero_init</name>
      </handler>
   </handler_table>
   <symbol_table>
      <symbol id="sm-1">
         <name>WDTCTL_SYM</name>
         <value>0x4000480c</value>
      </symbol>
      <symbol id="sm-2">
         <name>__TI_CINIT_Base</name>
         <value>0xdd0</value>
      </symbol>
      <symbol id="sm-3">
         <name>__TI_CINIT_Limit</name>
         <value>0xde0</value>
      </symbol>
      <symbol id="sm-4">
         <name>__TI_Handler_Table_Base</name>
         <value>0xdbc</value>
      </symbol>
      <symbol id="sm-5">
         <name>__TI_Handler_Table_Limit</name>
         <value>0xdc8</value>
      </symbol>
      <symbol id="sm-6">
         <name>binit</name>
         <value>0xffffffff</value>
      </symbol>
      <symbol id="sm-7">
         <name>__binit__</name>
         <value>0xffffffff</value>
      </symbol>
      <symbol id="sm-8">
         <name>__STACK_SIZE</name>
         <value>0x200</value>
      </symbol>
      <symbol id="sm-9">
         <name>__STACK_END</name>
         <value>0x20010000</value>
      </symbol>
      <symbol id="sm-a">
         <name>__SYSMEM_SIZE</name>
         <value>0x400</value>
      </symbol>
      <symbol id="sm-b">
         <name>__c_args__</name>
         <value>0xffffffff</value>
      </symbol>
      <symbol id="sm-c">
         <name>__TI_pprof_out_hndl</name>
         <value>0xffffffff</value>
      </symbol>
      <symbol id="sm-d">
         <name>__TI_prof_data_start</name>
         <value>0xffffffff</value>
      </symbol>
      <symbol id="sm-e">
         <name>__TI_prof_data_size</name>
         <value>0xffffffff</value>
      </symbol>
      <symbol id="sm-166">
         <name>letters_morse_code</name>
         <value>0x200006bc</value>
      </symbol>
      <symbol id="sm-167">
         <name>set_clock</name>
         <value>0x27d</value>
         <object_component_ref idref="oc-6d"/>
      </symbol>
      <symbol id="sm-168">
         <name>set_timer_A0</name>
         <value>0x299</value>
         <object_component_ref idref="oc-6d"/>
      </symbol>
      <symbol id="sm-169">
         <name>TA0_0_IRQHandler</name>
         <value>0x421</value>
         <object_component_ref idref="oc-6d"/>
      </symbol>
      <symbol id="sm-16a">
         <name>Z</name>
         <value>0x20000560</value>
         <object_component_ref idref="oc-110"/>
      </symbol>
      <symbol id="sm-16b">
         <name>Y</name>
         <value>0x20000540</value>
         <object_component_ref idref="oc-10d"/>
      </symbol>
      <symbol id="sm-16c">
         <name>X</name>
         <value>0x20000520</value>
         <object_component_ref idref="oc-10a"/>
      </symbol>
      <symbol id="sm-16d">
         <name>W</name>
         <value>0x20000628</value>
         <object_component_ref idref="oc-107"/>
      </symbol>
      <symbol id="sm-16e">
         <name>V</name>
         <value>0x20000500</value>
         <object_component_ref idref="oc-104"/>
      </symbol>
      <symbol id="sm-16f">
         <name>U</name>
         <value>0x20000610</value>
         <object_component_ref idref="oc-101"/>
      </symbol>
      <symbol id="sm-170">
         <name>T</name>
         <value>0x200006b0</value>
         <object_component_ref idref="oc-fe"/>
      </symbol>
      <symbol id="sm-171">
         <name>S</name>
         <value>0x200005f8</value>
         <object_component_ref idref="oc-fb"/>
      </symbol>
      <symbol id="sm-172">
         <name>R</name>
         <value>0x200005e0</value>
         <object_component_ref idref="oc-f8"/>
      </symbol>
      <symbol id="sm-173">
         <name>Q</name>
         <value>0x200004e0</value>
         <object_component_ref idref="oc-f5"/>
      </symbol>
      <symbol id="sm-174">
         <name>P</name>
         <value>0x200004c0</value>
         <object_component_ref idref="oc-f2"/>
      </symbol>
      <symbol id="sm-175">
         <name>O</name>
         <value>0x200005c8</value>
         <object_component_ref idref="oc-ef"/>
      </symbol>
      <symbol id="sm-176">
         <name>N</name>
         <value>0x20000684</value>
         <object_component_ref idref="oc-ec"/>
      </symbol>
      <symbol id="sm-177">
         <name>M</name>
         <value>0x20000674</value>
         <object_component_ref idref="oc-e9"/>
      </symbol>
      <symbol id="sm-178">
         <name>L</name>
         <value>0x200004a0</value>
         <object_component_ref idref="oc-e6"/>
      </symbol>
      <symbol id="sm-179">
         <name>K</name>
         <value>0x200005b0</value>
         <object_component_ref idref="oc-e3"/>
      </symbol>
      <symbol id="sm-17a">
         <name>J</name>
         <value>0x20000480</value>
         <object_component_ref idref="oc-e0"/>
      </symbol>
      <symbol id="sm-17b">
         <name>I</name>
         <value>0x20000664</value>
         <object_component_ref idref="oc-dd"/>
      </symbol>
      <symbol id="sm-17c">
         <name>H</name>
         <value>0x20000460</value>
         <object_component_ref idref="oc-da"/>
      </symbol>
      <symbol id="sm-17d">
         <name>G</name>
         <value>0x20000598</value>
         <object_component_ref idref="oc-d7"/>
      </symbol>
      <symbol id="sm-17e">
         <name>F</name>
         <value>0x20000440</value>
         <object_component_ref idref="oc-d4"/>
      </symbol>
      <symbol id="sm-17f">
         <name>E</name>
         <value>0x200006a8</value>
         <object_component_ref idref="oc-d1"/>
      </symbol>
      <symbol id="sm-180">
         <name>D</name>
         <value>0x20000580</value>
         <object_component_ref idref="oc-ce"/>
      </symbol>
      <symbol id="sm-181">
         <name>C</name>
         <value>0x20000420</value>
         <object_component_ref idref="oc-cb"/>
      </symbol>
      <symbol id="sm-182">
         <name>B</name>
         <value>0x20000400</value>
         <object_component_ref idref="oc-c8"/>
      </symbol>
      <symbol id="sm-183">
         <name>A</name>
         <value>0x20000654</value>
         <object_component_ref idref="oc-c5"/>
      </symbol>
      <symbol id="sm-184">
         <name>set_GPIO</name>
         <value>0x2b3</value>
         <object_component_ref idref="oc-6d"/>
      </symbol>
      <symbol id="sm-185">
         <name>main</name>
         <value>0x2d5</value>
         <object_component_ref idref="oc-6d"/>
      </symbol>
      <symbol id="sm-186">
         <name>init_morse_codes</name>
         <value>0xe5</value>
         <object_component_ref idref="oc-6d"/>
      </symbol>
      <symbol id="sm-187">
         <name>ascii_to_morse_code_words</name>
         <value>0x183</value>
         <object_component_ref idref="oc-6d"/>
      </symbol>
      <symbol id="sm-188">
         <name>count</name>
         <value>0x20000640</value>
         <object_component_ref idref="oc-113"/>
      </symbol>
      <symbol id="sm-189">
         <name>flag</name>
         <value>0x20000644</value>
         <object_component_ref idref="oc-113"/>
      </symbol>
      <symbol id="sm-18a">
         <name>amount</name>
         <value>0x20000648</value>
         <object_component_ref idref="oc-113"/>
      </symbol>
      <symbol id="sm-19f">
         <name>Reset_Handler</name>
         <value>0xd29</value>
         <object_component_ref idref="oc-67"/>
      </symbol>
      <symbol id="sm-1a0">
         <name>Default_Handler</name>
         <value>0xd35</value>
         <object_component_ref idref="oc-67"/>
      </symbol>
      <symbol id="sm-1a1">
         <name>interruptVectors</name>
         <value>0x0</value>
         <object_component_ref idref="oc-23"/>
      </symbol>
      <symbol id="sm-1e9">
         <name>SystemInit</name>
         <value>0x7b9</value>
         <object_component_ref idref="oc-a9"/>
      </symbol>
      <symbol id="sm-1ea">
         <name>SystemCoreClockUpdate</name>
         <value>0x541</value>
         <object_component_ref idref="oc-a9"/>
      </symbol>
      <symbol id="sm-1eb">
         <name>SystemCoreClock</name>
         <value>0x200006b8</value>
         <object_component_ref idref="oc-178"/>
      </symbol>
      <symbol id="sm-1ff">
         <name>__TI_zero_init_nomemset</name>
         <value>0xd09</value>
         <object_component_ref idref="oc-43"/>
      </symbol>
      <symbol id="sm-216">
         <name>__TI_decompress_none</name>
         <value>0xd1b</value>
         <object_component_ref idref="oc-1a"/>
      </symbol>
      <symbol id="sm-239">
         <name>__TI_decompress_lzss</name>
         <value>0xb75</value>
         <object_component_ref idref="oc-14"/>
      </symbol>
      <symbol id="sm-24c">
         <name>__stack</name>
         <value>0x2000fe00</value>
         <object_component_ref idref="oc-26"/>
      </symbol>
      <symbol id="sm-24d">
         <name>_c_int00_noargs</name>
         <value>0xc5d</value>
         <object_component_ref idref="oc-55"/>
      </symbol>
      <symbol id="sm-258">
         <name>C$$EXIT</name>
         <value>0xd3b</value>
         <object_component_ref idref="oc-13a"/>
      </symbol>
      <symbol id="sm-259">
         <name>abort</name>
         <value>0xd3b</value>
         <object_component_ref idref="oc-13a"/>
      </symbol>
      <symbol id="sm-2ef">
         <name>_sys_memory</name>
         <value>0x20000000</value>
         <object_component_ref idref="oc-29"/>
      </symbol>
      <symbol id="sm-2f0">
         <name>free</name>
         <value>0x989</value>
         <object_component_ref idref="oc-19c"/>
      </symbol>
      <symbol id="sm-2f1">
         <name>realloc</name>
         <value>0x875</value>
         <object_component_ref idref="oc-bc"/>
      </symbol>
      <symbol id="sm-2f2">
         <name>malloc</name>
         <value>0xafd</value>
         <object_component_ref idref="oc-b6"/>
      </symbol>
      <symbol id="sm-2f3">
         <name>minit</name>
         <value>0xc95</value>
         <object_component_ref idref="oc-183"/>
      </symbol>
      <symbol id="sm-308">
         <name>_nop</name>
         <value>0xd3f</value>
         <object_component_ref idref="oc-20e"/>
      </symbol>
      <symbol id="sm-309">
         <name>_lock</name>
         <value>0x200006a0</value>
         <object_component_ref idref="oc-195"/>
      </symbol>
      <symbol id="sm-30a">
         <name>_unlock</name>
         <value>0x200006a4</value>
         <object_component_ref idref="oc-195"/>
      </symbol>
      <symbol id="sm-319">
         <name>strlen</name>
         <value>0xcf5</value>
         <object_component_ref idref="oc-b0"/>
      </symbol>
      <symbol id="sm-334">
         <name>memcpy</name>
         <value>0xa61</value>
         <object_component_ref idref="oc-37"/>
      </symbol>
      <symbol id="sm-335">
         <name>__aeabi_memcpy</name>
         <value>0xa61</value>
         <object_component_ref idref="oc-37"/>
      </symbol>
      <symbol id="sm-336">
         <name>__aeabi_memcpy8</name>
         <value>0xa61</value>
         <object_component_ref idref="oc-37"/>
      </symbol>
      <symbol id="sm-337">
         <name>__aeabi_memcpy4</name>
         <value>0xa61</value>
         <object_component_ref idref="oc-37"/>
      </symbol>
      <symbol id="sm-360">
         <name>__TI_auto_init_nobinit_nopinit</name>
         <value>0xbdd</value>
         <object_component_ref idref="oc-146"/>
      </symbol>
      <symbol id="sm-36a">
         <name>_system_pre_init</name>
         <value>0xd37</value>
         <object_component_ref idref="oc-97"/>
      </symbol>
      <symbol id="sm-36c">
         <name>__TI_static_base__</name>
         <value>0x0</value>
      </symbol>
      <symbol id="sm-36f">
         <name>__mpu_init</name>
         <value>0x0</value>
      </symbol>
      <symbol id="sm-370">
         <name>_system_post_cinit</name>
         <value>0x0</value>
      </symbol>
      <symbol id="sm-371">
         <name>NMI_Handler</name>
         <value>0xd35</value>
      </symbol>
      <symbol id="sm-372">
         <name>HardFault_Handler</name>
         <value>0xd35</value>
      </symbol>
      <symbol id="sm-373">
         <name>MemManage_Handler</name>
         <value>0xd35</value>
      </symbol>
      <symbol id="sm-374">
         <name>BusFault_Handler</name>
         <value>0xd35</value>
      </symbol>
      <symbol id="sm-375">
         <name>UsageFault_Handler</name>
         <value>0xd35</value>
      </symbol>
      <symbol id="sm-376">
         <name>SVC_Handler</name>
         <value>0xd35</value>
      </symbol>
      <symbol id="sm-377">
         <name>DebugMon_Handler</name>
         <value>0xd35</value>
      </symbol>
      <symbol id="sm-378">
         <name>PendSV_Handler</name>
         <value>0xd35</value>
      </symbol>
      <symbol id="sm-379">
         <name>SysTick_Handler</name>
         <value>0xd35</value>
      </symbol>
      <symbol id="sm-37a">
         <name>PSS_IRQHandler</name>
         <value>0xd35</value>
      </symbol>
      <symbol id="sm-37b">
         <name>CS_IRQHandler</name>
         <value>0xd35</value>
      </symbol>
      <symbol id="sm-37c">
         <name>PCM_IRQHandler</name>
         <value>0xd35</value>
      </symbol>
      <symbol id="sm-37d">
         <name>WDT_A_IRQHandler</name>
         <value>0xd35</value>
      </symbol>
      <symbol id="sm-37e">
         <name>FPU_IRQHandler</name>
         <value>0xd35</value>
      </symbol>
      <symbol id="sm-37f">
         <name>FLCTL_IRQHandler</name>
         <value>0xd35</value>
      </symbol>
      <symbol id="sm-380">
         <name>COMP_E0_IRQHandler</name>
         <value>0xd35</value>
      </symbol>
      <symbol id="sm-381">
         <name>COMP_E1_IRQHandler</name>
         <value>0xd35</value>
      </symbol>
      <symbol id="sm-382">
         <name>TA0_0_IRQHandler</name>
         <value>0x421</value>
      </symbol>
      <symbol id="sm-383">
         <name>TA0_N_IRQHandler</name>
         <value>0xd35</value>
      </symbol>
      <symbol id="sm-384">
         <name>TA1_0_IRQHandler</name>
         <value>0xd35</value>
      </symbol>
      <symbol id="sm-385">
         <name>TA1_N_IRQHandler</name>
         <value>0xd35</value>
      </symbol>
      <symbol id="sm-386">
         <name>TA2_0_IRQHandler</name>
         <value>0xd35</value>
      </symbol>
      <symbol id="sm-387">
         <name>TA2_N_IRQHandler</name>
         <value>0xd35</value>
      </symbol>
      <symbol id="sm-388">
         <name>TA3_0_IRQHandler</name>
         <value>0xd35</value>
      </symbol>
      <symbol id="sm-389">
         <name>TA3_N_IRQHandler</name>
         <value>0xd35</value>
      </symbol>
      <symbol id="sm-38a">
         <name>EUSCIA0_IRQHandler</name>
         <value>0xd35</value>
      </symbol>
      <symbol id="sm-38b">
         <name>EUSCIA1_IRQHandler</name>
         <value>0xd35</value>
      </symbol>
      <symbol id="sm-38c">
         <name>EUSCIA2_IRQHandler</name>
         <value>0xd35</value>
      </symbol>
      <symbol id="sm-38d">
         <name>EUSCIA3_IRQHandler</name>
         <value>0xd35</value>
      </symbol>
      <symbol id="sm-38e">
         <name>EUSCIB0_IRQHandler</name>
         <value>0xd35</value>
      </symbol>
      <symbol id="sm-38f">
         <name>EUSCIB1_IRQHandler</name>
         <value>0xd35</value>
      </symbol>
      <symbol id="sm-390">
         <name>EUSCIB2_IRQHandler</name>
         <value>0xd35</value>
      </symbol>
      <symbol id="sm-391">
         <name>EUSCIB3_IRQHandler</name>
         <value>0xd35</value>
      </symbol>
      <symbol id="sm-392">
         <name>ADC14_IRQHandler</name>
         <value>0xd35</value>
      </symbol>
      <symbol id="sm-393">
         <name>T32_INT1_IRQHandler</name>
         <value>0xd35</value>
      </symbol>
      <symbol id="sm-394">
         <name>T32_INT2_IRQHandler</name>
         <value>0xd35</value>
      </symbol>
      <symbol id="sm-395">
         <name>T32_INTC_IRQHandler</name>
         <value>0xd35</value>
      </symbol>
      <symbol id="sm-396">
         <name>AES256_IRQHandler</name>
         <value>0xd35</value>
      </symbol>
      <symbol id="sm-397">
         <name>RTC_C_IRQHandler</name>
         <value>0xd35</value>
      </symbol>
      <symbol id="sm-398">
         <name>DMA_ERR_IRQHandler</name>
         <value>0xd35</value>
      </symbol>
      <symbol id="sm-399">
         <name>DMA_INT3_IRQHandler</name>
         <value>0xd35</value>
      </symbol>
      <symbol id="sm-39a">
         <name>DMA_INT2_IRQHandler</name>
         <value>0xd35</value>
      </symbol>
      <symbol id="sm-39b">
         <name>DMA_INT1_IRQHandler</name>
         <value>0xd35</value>
      </symbol>
      <symbol id="sm-39c">
         <name>DMA_INT0_IRQHandler</name>
         <value>0xd35</value>
      </symbol>
      <symbol id="sm-39d">
         <name>PORT1_IRQHandler</name>
         <value>0xd35</value>
      </symbol>
      <symbol id="sm-39e">
         <name>PORT2_IRQHandler</name>
         <value>0xd35</value>
      </symbol>
      <symbol id="sm-39f">
         <name>PORT3_IRQHandler</name>
         <value>0xd35</value>
      </symbol>
      <symbol id="sm-3a0">
         <name>PORT4_IRQHandler</name>
         <value>0xd35</value>
      </symbol>
      <symbol id="sm-3a1">
         <name>PORT5_IRQHandler</name>
         <value>0xd35</value>
      </symbol>
      <symbol id="sm-3a2">
         <name>PORT6_IRQHandler</name>
         <value>0xd35</value>
      </symbol>
   </symbol_table>
   <title>Link successful</title>
</link_info>
