******************************************************************************
                  TI ARM Linker Unix v18.1.4                   
******************************************************************************
>> Linked Wed Dec 25 09:44:05 2019

OUTPUT FILE NAME:   <morse_christmas.out>
ENTRY POINT SYMBOL: "_c_int00_noargs"  address: 00000c5d


MEMORY CONFIGURATION

         name            origin    length      used     unused   attr    fill
----------------------  --------  ---------  --------  --------  ----  --------
  MAIN                  00000000   00040000  00000de0  0003f220  R  X
  INFO                  00200000   00004000  00000000  00004000  R  X
  SRAM_CODE             01000000   00010000  00000924  0000f6dc  RW X
  SRAM_DATA             20000000   00010000  00000924  0000f6dc  RW  


SEGMENT ALLOCATION MAP

run origin  load origin   length   init length attrs members
----------  ----------- ---------- ----------- ----- -------
00000000    00000000    00000de0   00000de0    r-x
  00000000    00000000    000000e4   000000e4    r-- .intvecs
  000000e4    000000e4    00000c5c   00000c5c    r-x .text
  00000d40    00000d40    000000a0   000000a0    r-- .cinit
20000000    20000000    00000724   00000000    rw-
  20000000    20000000    00000400   00000000    rw- .sysmem
  20000400    20000400    000002bc   00000000    rw- .data
  200006bc    200006bc    00000068   00000000    rw- .bss
2000fe00    2000fe00    00000200   00000000    rw-
  2000fe00    2000fe00    00000200   00000000    rw- .stack


SECTION ALLOCATION MAP

 output                                  attributes/
section   page    origin      length       input sections
--------  ----  ----------  ----------   ----------------
.intvecs   0    00000000    000000e4     
                  00000000    000000e4     startup_msp432p401r_ccs.obj (.intvecs:retain)

.text      0    000000e4    00000c5c     
                  000000e4    0000045c     main.obj (.text)
                  00000540    00000334     system_msp432p401r.obj (.text)
                  00000874    00000114     rtsv7M4_T_le_v4SPD16_eabi.lib : memory.c.obj (.text:realloc)
                  00000988    000000d8                                   : memory.c.obj (.text:free)
                  00000a60    0000009c                                   : memcpy_t2.asm.obj (.text)
                  00000afc    00000078                                   : memory.c.obj (.text:malloc)
                  00000b74    00000068                                   : copy_decompress_lzss.c.obj (.text:decompress:lzss:__TI_decompress_lzss)
                  00000bdc    00000044                                   : autoinit.c.obj (.text:__TI_auto_init_nobinit_nopinit:__TI_auto_init_nobinit_nopinit)
                  00000c20    0000003c                                   : memory.c.obj (.text:minsert)
                  00000c5c    00000038                                   : boot_cortex_m.c.obj (.text:_c_int00_noargs:_c_int00_noargs)
                  00000c94    00000038                                   : memory.c.obj (.text:minit)
                  00000ccc    00000028                                   : memory.c.obj (.text:mremove)
                  00000cf4    00000014                                   : strlen.c.obj (.text:strlen)
                  00000d08    00000012                                   : copy_zero_init.c.obj (.text:decompress:ZI:__TI_zero_init_nomemset:__TI_zero_init_nomemset)
                  00000d1a    0000000e                                   : copy_decompress_none.c.obj (.text:decompress:none:__TI_decompress_none)
                  00000d28    0000000e     startup_msp432p401r_ccs.obj (.text)
                  00000d36    00000004     rtsv7M4_T_le_v4SPD16_eabi.lib : pre_init.c.obj (.text:_system_pre_init)
                  00000d3a    00000004                                   : exit.c.obj (.text:abort:abort)
                  00000d3e    00000002                                   : _lock.c.obj (.text:_nop)

.cinit     0    00000d40    000000a0     
                  00000d40    0000007a     (.cinit..data.load) [load image, compression = lzss]
                  00000dba    00000002     --HOLE-- [fill = 0]
                  00000dbc    0000000c     (__TI_handler_table)
                  00000dc8    00000008     (.cinit..bss.load) [load image, compression = zero_init]
                  00000dd0    00000010     (__TI_cinit_table)

.init_array 
*          0    00000000    00000000     UNINITIALIZED

.binit     0    00000000    00000000     

.sysmem    0    20000000    00000400     UNINITIALIZED
                  20000000    00000008     rtsv7M4_T_le_v4SPD16_eabi.lib : memory.c.obj (.sysmem)
                  20000008    000003f8     --HOLE--

.data      0    20000400    000002bc     UNINITIALIZED
                  20000400    00000020     main.obj (.data:B)
                  20000420    00000020     main.obj (.data:C)
                  20000440    00000020     main.obj (.data:F)
                  20000460    00000020     main.obj (.data:H)
                  20000480    00000020     main.obj (.data:J)
                  200004a0    00000020     main.obj (.data:L)
                  200004c0    00000020     main.obj (.data:P)
                  200004e0    00000020     main.obj (.data:Q)
                  20000500    00000020     main.obj (.data:V)
                  20000520    00000020     main.obj (.data:X)
                  20000540    00000020     main.obj (.data:Y)
                  20000560    00000020     main.obj (.data:Z)
                  20000580    00000018     main.obj (.data:D)
                  20000598    00000018     main.obj (.data:G)
                  200005b0    00000018     main.obj (.data:K)
                  200005c8    00000018     main.obj (.data:O)
                  200005e0    00000018     main.obj (.data:R)
                  200005f8    00000018     main.obj (.data:S)
                  20000610    00000018     main.obj (.data:U)
                  20000628    00000018     main.obj (.data:W)
                  20000640    00000014     main.obj (.data)
                  20000654    00000010     main.obj (.data:A)
                  20000664    00000010     main.obj (.data:I)
                  20000674    00000010     main.obj (.data:M)
                  20000684    00000010     main.obj (.data:N)
                  20000694    0000000c     rtsv7M4_T_le_v4SPD16_eabi.lib : memory.c.obj (.data:$O1$$)
                  200006a0    00000008                                   : _lock.c.obj (.data:$O1$$)
                  200006a8    00000008     main.obj (.data:E)
                  200006b0    00000008     main.obj (.data:T)
                  200006b8    00000004     system_msp432p401r.obj (.data)

.bss       0    200006bc    00000068     UNINITIALIZED
                  200006bc    00000068     (.common:letters_morse_code)

.stack     0    2000fe00    00000200     UNINITIALIZED
                  2000fe00    00000004     rtsv7M4_T_le_v4SPD16_eabi.lib : boot_cortex_m.c.obj (.stack)
                  2000fe04    000001fc     --HOLE--

MODULE SUMMARY

       Module                        code   ro data   rw data
       ------                        ----   -------   -------
    ./
       main.obj                      1116   0         1560   
       system_msp432p401r.obj        820    0         8      
       startup_msp432p401r_ccs.obj   14     228       0      
    +--+-----------------------------+------+---------+---------+
       Total:                        1950   228       1568   
                                                             
    /home/sreethyan/ti/ccsv8/tools/compiler/ti-cgt-arm_18.1.4.LTS/lib/rtsv7M4_T_le_v4SPD16_eabi.lib
       memory.c.obj                  768    0         24     
       memcpy_t2.asm.obj             156    0         0      
       copy_decompress_lzss.c.obj    104    0         0      
       autoinit.c.obj                68     0         0      
       boot_cortex_m.c.obj           56     0         0      
       strlen.c.obj                  20     0         0      
       _lock.c.obj                   2      0         16     
       copy_zero_init.c.obj          18     0         0      
       copy_decompress_none.c.obj    14     0         0      
       exit.c.obj                    4      0         0      
       pre_init.c.obj                4      0         0      
    +--+-----------------------------+------+---------+---------+
       Total:                        1214   0         40     
                                                             
       Heap:                         0      0         2048   
       Stack:                        0      0         1024   
       Linker Generated:             0      158       0      
    +--+-----------------------------+------+---------+---------+
       Grand Total:                  3164   386       4680   


LINKER GENERATED COPY TABLES

__TI_cinit_table @ 00000dd0 records: 2, size/record: 8, table size: 16
	.data: load addr=00000d40, load size=0000007a bytes, run addr=20000400, run size=000002bc bytes, compression=lzss
	.bss: load addr=00000dc8, load size=00000008 bytes, run addr=200006bc, run size=00000068 bytes, compression=zero_init


LINKER GENERATED HANDLER TABLE

__TI_handler_table @ 00000dbc records: 3, size/record: 4, table size: 12
	index: 0, handler: __TI_decompress_lzss
	index: 1, handler: __TI_decompress_none
	index: 2, handler: __TI_zero_init


GLOBAL SYMBOLS: SORTED ALPHABETICALLY BY Name 

address   name                          
-------   ----                          
20000654  A                             
00000d35  ADC14_IRQHandler              
00000d35  AES256_IRQHandler             
20000400  B                             
00000d35  BusFault_Handler              
20000420  C                             
00000d3b  C$$EXIT                       
00000d35  COMP_E0_IRQHandler            
00000d35  COMP_E1_IRQHandler            
00000d35  CS_IRQHandler                 
20000580  D                             
00000d35  DMA_ERR_IRQHandler            
00000d35  DMA_INT0_IRQHandler           
00000d35  DMA_INT1_IRQHandler           
00000d35  DMA_INT2_IRQHandler           
00000d35  DMA_INT3_IRQHandler           
00000d35  DebugMon_Handler              
00000d35  Default_Handler               
200006a8  E                             
00000d35  EUSCIA0_IRQHandler            
00000d35  EUSCIA1_IRQHandler            
00000d35  EUSCIA2_IRQHandler            
00000d35  EUSCIA3_IRQHandler            
00000d35  EUSCIB0_IRQHandler            
00000d35  EUSCIB1_IRQHandler            
00000d35  EUSCIB2_IRQHandler            
00000d35  EUSCIB3_IRQHandler            
20000440  F                             
00000d35  FLCTL_IRQHandler              
00000d35  FPU_IRQHandler                
20000598  G                             
20000460  H                             
00000d35  HardFault_Handler             
20000664  I                             
20000480  J                             
200005b0  K                             
200004a0  L                             
20000674  M                             
00000d35  MemManage_Handler             
20000684  N                             
00000d35  NMI_Handler                   
200005c8  O                             
200004c0  P                             
00000d35  PCM_IRQHandler                
00000d35  PORT1_IRQHandler              
00000d35  PORT2_IRQHandler              
00000d35  PORT3_IRQHandler              
00000d35  PORT4_IRQHandler              
00000d35  PORT5_IRQHandler              
00000d35  PORT6_IRQHandler              
00000d35  PSS_IRQHandler                
00000d35  PendSV_Handler                
200004e0  Q                             
200005e0  R                             
00000d35  RTC_C_IRQHandler              
00000d29  Reset_Handler                 
200005f8  S                             
00000d35  SVC_Handler                   
00000d35  SysTick_Handler               
200006b8  SystemCoreClock               
00000541  SystemCoreClockUpdate         
000007b9  SystemInit                    
200006b0  T                             
00000d35  T32_INT1_IRQHandler           
00000d35  T32_INT2_IRQHandler           
00000d35  T32_INTC_IRQHandler           
00000421  TA0_0_IRQHandler              
00000421  TA0_0_IRQHandler              
00000d35  TA0_N_IRQHandler              
00000d35  TA1_0_IRQHandler              
00000d35  TA1_N_IRQHandler              
00000d35  TA2_0_IRQHandler              
00000d35  TA2_N_IRQHandler              
00000d35  TA3_0_IRQHandler              
00000d35  TA3_N_IRQHandler              
20000610  U                             
00000d35  UsageFault_Handler            
20000500  V                             
20000628  W                             
4000480c  WDTCTL_SYM                    
00000d35  WDT_A_IRQHandler              
20000520  X                             
20000540  Y                             
20000560  Z                             
20010000  __STACK_END                   
00000200  __STACK_SIZE                  
00000400  __SYSMEM_SIZE                 
00000dd0  __TI_CINIT_Base               
00000de0  __TI_CINIT_Limit              
00000dbc  __TI_Handler_Table_Base       
00000dc8  __TI_Handler_Table_Limit      
00000bdd  __TI_auto_init_nobinit_nopinit
00000b75  __TI_decompress_lzss          
00000d1b  __TI_decompress_none          
ffffffff  __TI_pprof_out_hndl           
ffffffff  __TI_prof_data_size           
ffffffff  __TI_prof_data_start          
00000000  __TI_static_base__            
00000d09  __TI_zero_init_nomemset       
00000a61  __aeabi_memcpy                
00000a61  __aeabi_memcpy4               
00000a61  __aeabi_memcpy8               
ffffffff  __binit__                     
ffffffff  __c_args__                    
UNDEFED   __mpu_init                    
2000fe00  __stack                       
00000c5d  _c_int00_noargs               
200006a0  _lock                         
00000d3f  _nop                          
20000000  _sys_memory                   
UNDEFED   _system_post_cinit            
00000d37  _system_pre_init              
200006a4  _unlock                       
00000d3b  abort                         
20000648  amount                        
00000183  ascii_to_morse_code_words     
ffffffff  binit                         
20000640  count                         
20000644  flag                          
00000989  free                          
000000e5  init_morse_codes              
00000000  interruptVectors              
200006bc  letters_morse_code            
000002d5  main                          
00000afd  malloc                        
00000a61  memcpy                        
00000c95  minit                         
00000875  realloc                       
000002b3  set_GPIO                      
0000027d  set_clock                     
00000299  set_timer_A0                  
00000cf5  strlen                        


GLOBAL SYMBOLS: SORTED BY Symbol Address 

address   name                          
-------   ----                          
00000000  __TI_static_base__            
00000000  interruptVectors              
000000e5  init_morse_codes              
00000183  ascii_to_morse_code_words     
00000200  __STACK_SIZE                  
0000027d  set_clock                     
00000299  set_timer_A0                  
000002b3  set_GPIO                      
000002d5  main                          
00000400  __SYSMEM_SIZE                 
00000421  TA0_0_IRQHandler              
00000421  TA0_0_IRQHandler              
00000541  SystemCoreClockUpdate         
000007b9  SystemInit                    
00000875  realloc                       
00000989  free                          
00000a61  __aeabi_memcpy                
00000a61  __aeabi_memcpy4               
00000a61  __aeabi_memcpy8               
00000a61  memcpy                        
00000afd  malloc                        
00000b75  __TI_decompress_lzss          
00000bdd  __TI_auto_init_nobinit_nopinit
00000c5d  _c_int00_noargs               
00000c95  minit                         
00000cf5  strlen                        
00000d09  __TI_zero_init_nomemset       
00000d1b  __TI_decompress_none          
00000d29  Reset_Handler                 
00000d35  ADC14_IRQHandler              
00000d35  AES256_IRQHandler             
00000d35  BusFault_Handler              
00000d35  COMP_E0_IRQHandler            
00000d35  COMP_E1_IRQHandler            
00000d35  CS_IRQHandler                 
00000d35  DMA_ERR_IRQHandler            
00000d35  DMA_INT0_IRQHandler           
00000d35  DMA_INT1_IRQHandler           
00000d35  DMA_INT2_IRQHandler           
00000d35  DMA_INT3_IRQHandler           
00000d35  DebugMon_Handler              
00000d35  Default_Handler               
00000d35  EUSCIA0_IRQHandler            
00000d35  EUSCIA1_IRQHandler            
00000d35  EUSCIA2_IRQHandler            
00000d35  EUSCIA3_IRQHandler            
00000d35  EUSCIB0_IRQHandler            
00000d35  EUSCIB1_IRQHandler            
00000d35  EUSCIB2_IRQHandler            
00000d35  EUSCIB3_IRQHandler            
00000d35  FLCTL_IRQHandler              
00000d35  FPU_IRQHandler                
00000d35  HardFault_Handler             
00000d35  MemManage_Handler             
00000d35  NMI_Handler                   
00000d35  PCM_IRQHandler                
00000d35  PORT1_IRQHandler              
00000d35  PORT2_IRQHandler              
00000d35  PORT3_IRQHandler              
00000d35  PORT4_IRQHandler              
00000d35  PORT5_IRQHandler              
00000d35  PORT6_IRQHandler              
00000d35  PSS_IRQHandler                
00000d35  PendSV_Handler                
00000d35  RTC_C_IRQHandler              
00000d35  SVC_Handler                   
00000d35  SysTick_Handler               
00000d35  T32_INT1_IRQHandler           
00000d35  T32_INT2_IRQHandler           
00000d35  T32_INTC_IRQHandler           
00000d35  TA0_N_IRQHandler              
00000d35  TA1_0_IRQHandler              
00000d35  TA1_N_IRQHandler              
00000d35  TA2_0_IRQHandler              
00000d35  TA2_N_IRQHandler              
00000d35  TA3_0_IRQHandler              
00000d35  TA3_N_IRQHandler              
00000d35  UsageFault_Handler            
00000d35  WDT_A_IRQHandler              
00000d37  _system_pre_init              
00000d3b  C$$EXIT                       
00000d3b  abort                         
00000d3f  _nop                          
00000dbc  __TI_Handler_Table_Base       
00000dc8  __TI_Handler_Table_Limit      
00000dd0  __TI_CINIT_Base               
00000de0  __TI_CINIT_Limit              
20000000  _sys_memory                   
20000400  B                             
20000420  C                             
20000440  F                             
20000460  H                             
20000480  J                             
200004a0  L                             
200004c0  P                             
200004e0  Q                             
20000500  V                             
20000520  X                             
20000540  Y                             
20000560  Z                             
20000580  D                             
20000598  G                             
200005b0  K                             
200005c8  O                             
200005e0  R                             
200005f8  S                             
20000610  U                             
20000628  W                             
20000640  count                         
20000644  flag                          
20000648  amount                        
20000654  A                             
20000664  I                             
20000674  M                             
20000684  N                             
200006a0  _lock                         
200006a4  _unlock                       
200006a8  E                             
200006b0  T                             
200006b8  SystemCoreClock               
200006bc  letters_morse_code            
2000fe00  __stack                       
20010000  __STACK_END                   
4000480c  WDTCTL_SYM                    
ffffffff  __TI_pprof_out_hndl           
ffffffff  __TI_prof_data_size           
ffffffff  __TI_prof_data_start          
ffffffff  __binit__                     
ffffffff  __c_args__                    
ffffffff  binit                         
UNDEFED   __mpu_init                    
UNDEFED   _system_post_cinit            

[132 symbols]
